<html>
<body>
<pre>
<h1>礦ision Build Log</h1>
<h2>Tool Versions:</h2>
IDE-Version: μVision V5.23.0.0
Copyright (C) 2017 ARM Ltd and ARM Germany GmbH. All rights reserved.
License Information: x 电脑公司, 电脑公司, LIC=47GGK-ZZWZA-4SRY4-FKGZX-XERB8-LIHFB
 
Tool Versions:
Toolchain:       MDK-ARM Plus  Version: 5.23
Toolchain Path:  c:\Keil_v5\ARM\ARMCC\Bin
C Compiler:      Armcc.exe V5.06 update 4 (build 422)
Assembler:       Armasm.exe V5.06 update 4 (build 422)
Linker/Locator:  ArmLink.exe V5.06 update 4 (build 422)
Library Manager: ArmAr.exe V5.06 update 4 (build 422)
Hex Converter:   FromElf.exe V5.06 update 4 (build 422)
CPU DLL:         SARMCM3.DLL V5.23
Dialog DLL:      DCM.DLL V1.15.0.0
Target DLL:      Segger\JL2CM3.dll V2.99.23.0
Dialog DLL:      TCM.DLL V1.27.0.0
 
<h2>Project:</h2>
F:\qianjunwang\MDKProject\F4\new_control\USER\new_control.uvprojx
Project File Date:  04/08/2017

<h2>Output:</h2>
*** Using Compiler 'V5.06 update 4 (build 422)', folder: 'c:\Keil_v5\ARM\ARMCC\Bin'
Rebuild target 'new_control'
compiling system_stm32f4xx.c...
compiling stm32f4xx_it.c...
compiling main.c...
compiling task_pc_com.c...
compiling task_crash_strip.c...
compiling task_rf433.c...
compiling task_adc_calc.c...
compiling task_us_com.c...
compiling task_timer.c...
compiling task_can_com.c...
..\TASK\task_can_com.c(13): warning:  #550-D: variable "p"  was set but never used
  	CanRxMsg *p;
..\TASK\task_can_com.c(34): warning:  #1-D: last line of file ends without a newline
  }
..\TASK\task_can_com.c(26): warning:  #550-D: variable "p"  was set but never used
  	CanRxMsg *p;
..\TASK\task_can_com.c: 3 warnings, 0 errors
compiling mj_lib.c...
compiling mj_adc.c...
compiling mj_gpio.c...
compiling mj_usart_pc.c...
compiling bsp_gpo.c...
compiling bsp_sram.c...
compiling bsp_can.c...
compiling bsp_gpi.c...
compiling bsp_adc.c...
compiling bsp_exti.c...
compiling bsp_eth.c...
compiling bsp_front_wheel.c...
compiling bsp_usart_485.c...
compiling bsp_usart_433.c...
compiling bsp_usart_shell.c...
compiling bsp_usart_us.c...
assembling startup_stm32f40_41xxx.s...
compiling bsp_rtc.c...
compiling bsp_back_wheel.c...
..\HARDWARE\bsp_back_wheel.c(12): warning:  #177-D: function "buke_can_set_speed"  was declared but never referenced
  static bool buke_can_set_speed(s16 Speed)
..\HARDWARE\bsp_back_wheel.c(47): warning:  #177-D: function "nanuodake_can_set_speed"  was declared but never referenced
  static bool nanuodake_can_set_speed(s16 Speed)
..\HARDWARE\bsp_back_wheel.c(73): warning:  #177-D: function "buke_can_sent_cmd"  was declared but never referenced
  static bool buke_can_sent_cmd(u8 cmd,u16 index,u8 vlaue)
..\HARDWARE\bsp_back_wheel.c(107): warning:  #177-D: function "nanuodake_can_sent_cmd"  was declared but never referenced
  static bool nanuodake_can_sent_cmd(u8 cmd,u16 index,u8 vlaue)
..\HARDWARE\bsp_back_wheel.c: 4 warnings, 0 errors
compiling misc.c...
compiling stm32f4xx_gpio.c...
compiling stm32f4xx_rcc.c...
compiling stm32f4xx_syscfg.c...
compiling stm32f4xx_usart.c...
compiling stm32f4xx_fsmc.c...
compiling stm32f4xx_tim.c...
compiling stm32f4xx_can.c...
compiling stm32f4xx_adc.c...
compiling stm32f4xx_cryp.c...
compiling stm32f4xx_cryp_des.c...
compiling stm32f4xx_cryp_tdes.c...
compiling stm32f4xx_cryp_aes.c...
compiling stm32f4xx_dbgmcu.c...
compiling stm32f4xx_dac.c...
compiling stm32f4xx_dcmi.c...
compiling stm32f4xx_exti.c...
compiling stm32f4xx_dma.c...
compiling stm32f4xx_hash.c...
compiling stm32f4xx_flash.c...
compiling stm32f4xx_flash_ramfunc.c...
compiling stm32f4xx_hash_md5.c...
compiling stm32f4xx_hash_sha1.c...
compiling stm32f4xx_i2c.c...
compiling stm32f4xx_iwdg.c...
compiling stm32f4xx_pwr.c...
compiling stm32f4xx_ltdc.c...
compiling stm32f4xx_rng.c...
compiling stm32f4xx_sai.c...
compiling stm32f4xx_rtc.c...
compiling stm32f4xx_sdio.c...
compiling stm32f4xx_spi.c...
compiling stm32f4xx_wwdg.c...
compiling stm32f4xx_dma2d.c...
compiling delay.c...
compiling sys.c...
compiling usart.c...
compiling com_libs.c...
compiling bsp.c...
assembling cpu_a.asm...
compiling cpu_core.c...
compiling cpu_c.c...
compiling lib_math.c...
compiling lib_ascii.c...
compiling lib_mem.c...
assembling lib_mem_a.asm...
compiling lib_str.c...
compiling os_cfg_app.c...
compiling os_dbg.c...
compiling os_core.c...
compiling os_flag.c...
compiling os_mem.c...
compiling os_int.c...
compiling os_msg.c...
compiling os_pend_multi.c...
compiling os_prio.c...
compiling os_mutex.c...
compiling os_stat.c...
compiling os_q.c...
compiling os_sem.c...
compiling os_tick.c...
compiling os_time.c...
compiling os_task.c...
compiling os_var.c...
compiling os_tmr.c...
assembling os_cpu_a.asm...
compiling os_app_hooks.c...
compiling os_cpu_c.c...
compiling malloc.c...
linking...
Program Size: Code=70704 RO-data=1424 RW-data=608 ZI-data=1237376  
FromELF: creating hex file...
".\obj\Template.axf" - 0 Error(s), 7 Warning(s).

<h2>Collection of Component include folders:</h2>
  .\RTE\_new_control
  c:\Keil_v5\ARM\PACK\Keil\STM32F4xx_DFP\2.11.0\Drivers\CMSIS\Device\ST\STM32F4xx\Include

<h2>Collection of Component Files used:</h2>
Build Time Elapsed:  00:00:26
</pre>
</body>
</html>
