Component: ARM Compiler 5.06 update 4 (build 422) Tool: armlink [4d35d2]

==============================================================================

Section Cross References

    main.o(.text) refers to cpu_core.o(.text) for CPU_Init
    main.o(.text) refers to os_stat.o(.text) for OSStatTaskCPUUsageInit
    main.o(.text) refers to os_core.o(.text) for OSSchedRoundRobinCfg
    main.o(.text) refers to cpu_a.o(.text) for CPU_SR_Save
    main.o(.text) refers to os_flag.o(.text) for OSFlagCreate
    main.o(.text) refers to os_task.o(.text) for OSTaskCreate
    main.o(.text) refers to os_tmr.o(.text) for OSTmrCreate
    main.o(.text) refers to delay.o(.text) for delay_init
    main.o(.text) refers to misc.o(.text) for NVIC_PriorityGroupConfig
    main.o(.text) refers to mj_usart_pc.o(.text) for usart_pc_init
    main.o(.text) refers to bsp_usart_433.o(.text) for usart_433_init
    main.o(.text) refers to bsp_gpo.o(.text) for LED_Init
    main.o(.text) refers to bsp_sram.o(.text) for FSMC_SRAM_Init
    main.o(.text) refers to malloc.o(.text) for my_mem_init
    main.o(.text) refers to bsp_front_wheel.o(.text) for Config_Tim3
    main.o(.text) refers to main.o(.data) for cnt
    main.o(.text) refers to os_var.o(.data) for OSSchedLockNestingCtr
    main.o(.text) refers to mj_lib.o(.bss) for IRQ_EVENTs
    main.o(.text) refers to task_rf433.o(.bss) for RF_433_TASK_STK
    main.o(.text) refers to task_rf433.o(.text) for rf_433_task
    main.o(.text) refers to task_pc_com.o(.bss) for PC_COMRx_TASK_STK
    main.o(.text) refers to task_pc_com.o(.text) for pc_comRx_task
    main.o(.text) refers to task_can_com.o(.bss) for CANRx0_TASK_STK
    main.o(.text) refers to task_can_com.o(.text) for task_canRx_FIFO0
    main.o(.text) refers to main.o(.bss) for tmr_light
    system_stm32f4xx.o(.text) refers to system_stm32f4xx.o(.data) for SystemCoreClock
    task_pc_com.o(.text) refers to rt_memclr.o(.text) for __aeabi_memclr
    task_pc_com.o(.text) refers to rt_memcpy_v6.o(.text) for __aeabi_memcpy
    task_pc_com.o(.text) refers to os_flag.o(.text) for OSFlagPend
    task_pc_com.o(.text) refers to mj_usart_pc.o(.text) for PcCom_get_data
    task_pc_com.o(.text) refers to rt_memclr_w.o(.text) for __aeabi_memclr4
    task_pc_com.o(.text) refers to os_time.o(.text) for OSTimeDlyHMSM
    task_pc_com.o(.text) refers to task_pc_com.o(.data) for pc_cmd_handler_tbl
    task_pc_com.o(.text) refers to mj_lib.o(.bss) for IRQ_EVENTs
    task_pc_com.o(.text) refers to task_pc_com.o(.bss) for cmd
    task_pc_com.o(.data) refers to task_pc_com.o(.text) for pc_cmd_handler_set_front_light
    task_crash_strip.o(.text) refers to os_flag.o(.text) for OSFlagPend
    task_crash_strip.o(.text) refers to os_time.o(.text) for OSTimeDlyHMSM
    task_crash_strip.o(.text) refers to mj_lib.o(.bss) for IRQ_EVENTs
    task_rf433.o(.text) refers to bsp_back_wheel.o(.text) for can_sent_speed
    task_rf433.o(.text) refers to bsp_front_wheel.o(.text) for front_wheel_stop
    task_rf433.o(.text) refers to bsp_gpo.o(.text) for Relay_frontlight
    task_rf433.o(.text) refers to os_flag.o(.text) for OSFlagPend
    task_rf433.o(.text) refers to bsp_usart_433.o(.text) for Rf433_get_data
    task_rf433.o(.text) refers to rt_memcpy_v6.o(.text) for __aeabi_memcpy
    task_rf433.o(.text) refers to task_rf433.o(.data) for ctl_cmd_button1
    task_rf433.o(.text) refers to mj_lib.o(.data) for elecmbile_status
    task_rf433.o(.text) refers to task_rf433.o(.bss) for rf433_cmd
    task_rf433.o(.text) refers to mj_lib.o(.bss) for IRQ_EVENTs
    task_timer.o(.text) refers to stm32f4xx_gpio.o(.text) for GPIO_ToggleBits
    task_timer.o(.text) refers to bsp_gpi.o(.text) for get_front_angel
    task_timer.o(.text) refers to f2d.o(x$fpl$f2d) for __aeabi_f2d
    task_timer.o(.text) refers to fabs.o(i.__hardfp_fabs) for __hardfp_fabs
    task_timer.o(.text) refers to dleqf.o(x$fpl$dleqf) for __aeabi_cdcmple
    task_timer.o(.text) refers to bsp_front_wheel.o(.text) for front_wheel_stop
    task_timer.o(.text) refers to mj_lib.o(.data) for dest_angel
    task_can_com.o(.text) refers to os_flag.o(.text) for OSFlagPend
    task_can_com.o(.text) refers to bsp_can.o(.text) for can_get_msg_fifo0
    task_can_com.o(.text) refers to mj_lib.o(.bss) for IRQ_EVENTs
    mj_usart_pc.o(.text) refers to stm32f4xx_rcc.o(.text) for RCC_AHB1PeriphClockCmd
    mj_usart_pc.o(.text) refers to misc.o(.text) for NVIC_Init
    mj_usart_pc.o(.text) refers to stm32f4xx_gpio.o(.text) for GPIO_Init
    mj_usart_pc.o(.text) refers to stm32f4xx_usart.o(.text) for USART_Init
    mj_usart_pc.o(.text) refers to stm32f4xx_dma.o(.text) for DMA_DeInit
    mj_usart_pc.o(.text) refers to strlen.o(.text) for strlen
    mj_usart_pc.o(.text) refers to rt_memcpy_v6.o(.text) for __aeabi_memcpy
    mj_usart_pc.o(.text) refers to os_core.o(.text) for OSIntEnter
    mj_usart_pc.o(.text) refers to os_flag.o(.text) for OSFlagPost
    mj_usart_pc.o(.text) refers to mj_usart_pc.o(.bss) for rx_pc_buf
[...]
    CAN_TTComModeCmd                         0x080057ef   Thumb Code   118  stm32f4xx_can.o(.text)
    CAN_Transmit                             0x08005865   Thumb Code   304  stm32f4xx_can.o(.text)
    CAN_TransmitStatus                       0x08005995   Thumb Code   138  stm32f4xx_can.o(.text)
    CAN_CancelTransmit                       0x08005a1f   Thumb Code    48  stm32f4xx_can.o(.text)
    CAN_Receive                              0x08005a4f   Thumb Code   240  stm32f4xx_can.o(.text)
    CAN_FIFORelease                          0x08005b3f   Thumb Code    22  stm32f4xx_can.o(.text)
    CAN_MessagePending                       0x08005b55   Thumb Code    30  stm32f4xx_can.o(.text)
    CAN_OperatingModeRequest                 0x08005b73   Thumb Code   162  stm32f4xx_can.o(.text)
    CAN_Sleep                                0x08005c15   Thumb Code    30  stm32f4xx_can.o(.text)
    CAN_WakeUp                               0x08005c33   Thumb Code    48  stm32f4xx_can.o(.text)
    CAN_GetLastErrorCode                     0x08005c63   Thumb Code    12  stm32f4xx_can.o(.text)
    CAN_GetReceiveErrorCounter               0x08005c6f   Thumb Code    10  stm32f4xx_can.o(.text)
    CAN_GetLSBTransmitErrorCounter           0x08005c79   Thumb Code    12  stm32f4xx_can.o(.text)
    CAN_ITConfig                             0x08005c85   Thumb Code    18  stm32f4xx_can.o(.text)
    CAN_GetFlagStatus                        0x08005c97   Thumb Code   120  stm32f4xx_can.o(.text)
    CAN_ClearFlag                            0x08005d0f   Thumb Code    52  stm32f4xx_can.o(.text)
    CAN_GetITStatus                          0x08005d55   Thumb Code   310  stm32f4xx_can.o(.text)
    CAN_ClearITPendingBit                    0x08005e8b   Thumb Code   162  stm32f4xx_can.o(.text)
    DMA_DeInit                               0x08005f31   Thumb Code   324  stm32f4xx_dma.o(.text)
    DMA_Init                                 0x08006075   Thumb Code    82  stm32f4xx_dma.o(.text)
    DMA_StructInit                           0x080060c7   Thumb Code    34  stm32f4xx_dma.o(.text)
    DMA_Cmd                                  0x080060e9   Thumb Code    22  stm32f4xx_dma.o(.text)
    DMA_PeriphIncOffsetSizeConfig            0x080060ff   Thumb Code    22  stm32f4xx_dma.o(.text)
    DMA_FlowControllerConfig                 0x08006115   Thumb Code    22  stm32f4xx_dma.o(.text)
    DMA_SetCurrDataCounter                   0x0800612b   Thumb Code     4  stm32f4xx_dma.o(.text)
    DMA_GetCurrDataCounter                   0x0800612f   Thumb Code     8  stm32f4xx_dma.o(.text)
    DMA_DoubleBufferModeConfig               0x08006137   Thumb Code    24  stm32f4xx_dma.o(.text)
    DMA_DoubleBufferModeCmd                  0x0800614f   Thumb Code    22  stm32f4xx_dma.o(.text)
    DMA_MemoryTargetConfig                   0x08006165   Thumb Code    10  stm32f4xx_dma.o(.text)
    DMA_GetCurrentMemoryTarget               0x0800616f   Thumb Code    20  stm32f4xx_dma.o(.text)
    DMA_GetCmdStatus                         0x08006183   Thumb Code    20  stm32f4xx_dma.o(.text)
    DMA_GetFIFOStatus                        0x08006197   Thumb Code    12  stm32f4xx_dma.o(.text)
    DMA_GetFlagStatus                        0x080061a3   Thumb Code    56  stm32f4xx_dma.o(.text)
    DMA_ClearFlag                            0x080061db   Thumb Code    40  stm32f4xx_dma.o(.text)
    DMA_ITConfig                             0x08006203   Thumb Code    58  stm32f4xx_dma.o(.text)
    DMA_GetITStatus                          0x0800623d   Thumb Code    84  stm32f4xx_dma.o(.text)
    DMA_ClearITPendingBit                    0x08006291   Thumb Code    40  stm32f4xx_dma.o(.text)
    EXTI_DeInit                              0x080062d9   Thumb Code    28  stm32f4xx_exti.o(.text)
    EXTI_Init                                0x080062f5   Thumb Code   142  stm32f4xx_exti.o(.text)
    EXTI_StructInit                          0x08006383   Thumb Code    16  stm32f4xx_exti.o(.text)
    EXTI_GenerateSWInterrupt                 0x08006393   Thumb Code    16  stm32f4xx_exti.o(.text)
    EXTI_GetFlagStatus                       0x080063a3   Thumb Code    22  stm32f4xx_exti.o(.text)
    EXTI_ClearFlag                           0x080063b9   Thumb Code     8  stm32f4xx_exti.o(.text)
    EXTI_GetITStatus                         0x080063c1   Thumb Code    22  stm32f4xx_exti.o(.text)
    EXTI_ClearITPendingBit                   0x080063d7   Thumb Code     8  stm32f4xx_exti.o(.text)
    PWR_DeInit                               0x080063e9   Thumb Code    22  stm32f4xx_pwr.o(.text)
    PWR_BackupAccessCmd                      0x080063ff   Thumb Code     6  stm32f4xx_pwr.o(.text)
    PWR_PVDLevelConfig                       0x08006405   Thumb Code    18  stm32f4xx_pwr.o(.text)
    PWR_PVDCmd                               0x08006417   Thumb Code     6  stm32f4xx_pwr.o(.text)
    PWR_WakeUpPinCmd                         0x0800641d   Thumb Code     8  stm32f4xx_pwr.o(.text)
    PWR_BackupRegulatorCmd                   0x08006425   Thumb Code     8  stm32f4xx_pwr.o(.text)
    PWR_MainRegulatorModeConfig              0x0800642d   Thumb Code    18  stm32f4xx_pwr.o(.text)
    PWR_OverDriveCmd                         0x0800643f   Thumb Code     6  stm32f4xx_pwr.o(.text)
    PWR_OverDriveSWCmd                       0x08006445   Thumb Code     6  stm32f4xx_pwr.o(.text)
    PWR_UnderDriveCmd                        0x0800644b   Thumb Code    30  stm32f4xx_pwr.o(.text)
    PWR_FlashPowerDownCmd                    0x08006469   Thumb Code     6  stm32f4xx_pwr.o(.text)
    PWR_EnterSTOPMode                        0x0800646f   Thumb Code    58  stm32f4xx_pwr.o(.text)
    PWR_EnterUnderDriveSTOPMode              0x080064a9   Thumb Code    58  stm32f4xx_pwr.o(.text)
    PWR_EnterSTANDBYMode                     0x080064e3   Thumb Code    32  stm32f4xx_pwr.o(.text)
    PWR_GetFlagStatus                        0x08006503   Thumb Code    20  stm32f4xx_pwr.o(.text)
    PWR_ClearFlag                            0x08006517   Thumb Code    14  stm32f4xx_pwr.o(.text)
    RTC_WaitForSynchro                       0x08006531   Thumb Code    92  stm32f4xx_rtc.o(.text)
    RTC_EnterInitMode                        0x0800658d   Thumb Code    84  stm32f4xx_rtc.o(.text)
    RTC_DeInit                               0x080065e1   Thumb Code   204  stm32f4xx_rtc.o(.text)
    RTC_ExitInitMode                         0x080066ad   Thumb Code    18  stm32f4xx_rtc.o(.text)
    RTC_Init                                 0x080066bf   Thumb Code    94  stm32f4xx_rtc.o(.text)
    RTC_StructInit                           0x0800671d   Thumb Code    14  stm32f4xx_rtc.o(.text)
    RTC_WriteProtectionCmd                   0x0800672b   Thumb Code    22  stm32f4xx_rtc.o(.text)
    RTC_RefClockCmd                          0x08006741   Thumb Code    76  stm32f4xx_rtc.o(.text)
    RTC_BypassShadowCmd                      0x0800678d   Thumb Code    54  stm32f4xx_rtc.o(.text)
    RTC_SetTime                              0x080067f5   Thumb Code   200  stm32f4xx_rtc.o(.text)
    RTC_TimeStructInit                       0x080068bd   Thumb Code    12  stm32f4xx_rtc.o(.text)
    RTC_GetTime                              0x080068c9   Thumb Code    74  stm32f4xx_rtc.o(.text)
    RTC_GetSubSecond                         0x08006913   Thumb Code    30  stm32f4xx_rtc.o(.text)
    RTC_SetDate                              0x08006931   Thumb Code   190  stm32f4xx_rtc.o(.text)
    RTC_DateStructInit                       0x080069ef   Thumb Code    14  stm32f4xx_rtc.o(.text)
    RTC_GetDate                              0x080069fd   Thumb Code    70  stm32f4xx_rtc.o(.text)
    RTC_SetAlarm                             0x08006a43   Thumb Code   230  stm32f4xx_rtc.o(.text)
    RTC_AlarmStructInit                      0x08006b29   Thumb Code    22  stm32f4xx_rtc.o(.text)
    RTC_GetAlarm                             0x08006b3f   Thumb Code   114  stm32f4xx_rtc.o(.text)
    RTC_AlarmCmd                             0x08006bb1   Thumb Code   112  stm32f4xx_rtc.o(.text)
    RTC_AlarmSubSecondConfig                 0x08006c21   Thumb Code    46  stm32f4xx_rtc.o(.text)
    RTC_GetAlarmSubSecond                    0x08006c4f   Thumb Code    34  stm32f4xx_rtc.o(.text)
    RTC_WakeUpClockConfig                    0x08006c71   Thumb Code    42  stm32f4xx_rtc.o(.text)
    RTC_SetWakeUpCounter                     0x08006c9b   Thumb Code    22  stm32f4xx_rtc.o(.text)
    RTC_GetWakeUpCounter                     0x08006cb1   Thumb Code    10  stm32f4xx_rtc.o(.text)
    RTC_WakeUpCmd                            0x08006cbb   Thumb Code   116  stm32f4xx_rtc.o(.text)
    RTC_DayLightSavingConfig                 0x08006d2f   Thumb Code    50  stm32f4xx_rtc.o(.text)
    RTC_GetStoreOperation                    0x08006d61   Thumb Code    12  stm32f4xx_rtc.o(.text)
    RTC_OutputConfig                         0x08006d6d   Thumb Code    60  stm32f4xx_rtc.o(.text)
    RTC_CoarseCalibConfig                    0x08006da9   Thumb Code    52  stm32f4xx_rtc.o(.text)
    RTC_CoarseCalibCmd                       0x08006ddd   Thumb Code    76  stm32f4xx_rtc.o(.text)
    RTC_CalibOutputCmd                       0x08006e29   Thumb Code    54  stm32f4xx_rtc.o(.text)
    RTC_CalibOutputConfig                    0x08006e5f   Thumb Code    42  stm32f4xx_rtc.o(.text)
    RTC_SmoothCalibConfig                    0x08006e89   Thumb Code    90  stm32f4xx_rtc.o(.text)
    RTC_TimeStampCmd                         0x08006ee3   Thumb Code    54  stm32f4xx_rtc.o(.text)
    RTC_GetTimeStamp                         0x08006f19   Thumb Code   144  stm32f4xx_rtc.o(.text)
    RTC_GetTimeStampSubSecond                0x08006fa9   Thumb Code     8  stm32f4xx_rtc.o(.text)
    RTC_TamperTriggerConfig                  0x08006fb1   Thumb Code    38  stm32f4xx_rtc.o(.text)
    RTC_TamperCmd                            0x08006fd7   Thumb Code    34  stm32f4xx_rtc.o(.text)
    RTC_TamperFilterConfig                   0x08006ff9   Thumb Code    26  stm32f4xx_rtc.o(.text)
    RTC_TamperSamplingFreqConfig             0x08007013   Thumb Code    26  stm32f4xx_rtc.o(.text)
    RTC_TamperPinsPrechargeDuration          0x0800702d   Thumb Code    26  stm32f4xx_rtc.o(.text)
    RTC_TimeStampOnTamperDetectionCmd        0x08007047   Thumb Code    38  stm32f4xx_rtc.o(.text)
    RTC_TamperPullUpCmd                      0x0800706d   Thumb Code    38  stm32f4xx_rtc.o(.text)
    RTC_WriteBackupRegister                  0x08007093   Thumb Code    26  stm32f4xx_rtc.o(.text)
    RTC_ReadBackupRegister                   0x080070ad   Thumb Code    28  stm32f4xx_rtc.o(.text)
    RTC_TamperPinSelection                   0x080070c9   Thumb Code    26  stm32f4xx_rtc.o(.text)
    RTC_TimeStampPinSelection                0x080070e3   Thumb Code    26  stm32f4xx_rtc.o(.text)
    RTC_OutputTypeConfig                     0x080070fd   Thumb Code    26  stm32f4xx_rtc.o(.text)
    RTC_SynchroShiftConfig                   0x08007117   Thumb Code   130  stm32f4xx_rtc.o(.text)
    RTC_ITConfig                             0x08007199   Thumb Code    94  stm32f4xx_rtc.o(.text)
    RTC_GetFlagStatus                        0x080071f7   Thumb Code    34  stm32f4xx_rtc.o(.text)
    RTC_ClearFlag                            0x08007219   Thumb Code    28  stm32f4xx_rtc.o(.text)
    RTC_GetITStatus                          0x08007235   Thumb Code    66  stm32f4xx_rtc.o(.text)
    RTC_ClearITPendingBit                    0x08007277   Thumb Code    32  stm32f4xx_rtc.o(.text)
    delay_osschedlock                        0x080072a1   Thumb Code    10  delay.o(.text)
    delay_osschedunlock                      0x080072ab   Thumb Code    10  delay.o(.text)
    delay_ostimedly                          0x080072b5   Thumb Code    16  delay.o(.text)
    SysTick_Handler                          0x080072c5   Thumb Code    24  delay.o(.text)
    delay_init                               0x080072dd   Thumb Code    94  delay.o(.text)
    delay_us                                 0x0800733b   Thumb Code    84  delay.o(.text)
    delay_ms                                 0x0800738f   Thumb Code    66  delay.o(.text)
    _sys_exit                                0x080073e9   Thumb Code     4  usart.o(.text)
    fputc                                    0x080073ed   Thumb Code    22  usart.o(.text)
    uart_init                                0x08007403   Thumb Code   172  usart.o(.text)
    BSP_CPU_ClkFreq                          0x080074b9   Thumb Code    14  bsp.o(.text)
    CPU_TS_TmrInit                           0x080074c7   Thumb Code    44  bsp.o(.text)
    CPU_TS_TmrRd                             0x080074f3   Thumb Code     6  bsp.o(.text)
    CPU_TS32_to_uSec                         0x080074f9   Thumb Code    54  bsp.o(.text)
    CPU_NameClr                              0x0800753d   Thumb Code    42  cpu_core.o(.text)
    CPU_Init                                 0x0800757d   Thumb Code    12  cpu_core.o(.text)
    CPU_SW_Exception                         0x08007589   Thumb Code     4  cpu_core.o(.text)
    CPU_NameGet                              0x0800758d   Thumb Code    70  cpu_core.o(.text)
    CPU_NameSet                              0x080075d3   Thumb Code    96  cpu_core.o(.text)
    CPU_TS_Get32                             0x08007633   Thumb Code    12  cpu_core.o(.text)
    CPU_TS_Update                            0x0800763f   Thumb Code     2  cpu_core.o(.text)
    CPU_TS_TmrFreqGet                        0x08007641   Thumb Code    30  cpu_core.o(.text)
    CPU_TS_TmrFreqSet                        0x0800765f   Thumb Code     6  cpu_core.o(.text)
    CPU_CntLeadZeros08                       0x08007665   Thumb Code    18  cpu_core.o(.text)
    CPU_CntLeadZeros16                       0x08007677   Thumb Code    18  cpu_core.o(.text)
    CPU_CntLeadZeros32                       0x08007689   Thumb Code    18  cpu_core.o(.text)
    CPU_CntLeadZeros64                       0x0800769b   Thumb Code   188  cpu_core.o(.text)
    CPU_CntTrailZeros08                      0x08007757   Thumb Code    22  cpu_core.o(.text)
    CPU_CntTrailZeros16                      0x0800776d   Thumb Code    22  cpu_core.o(.text)
    CPU_CntTrailZeros32                      0x08007783   Thumb Code    22  cpu_core.o(.text)
    CPU_CntTrailZeros64                      0x08007799   Thumb Code    62  cpu_core.o(.text)
    CPU_IntDis                               0x080077e5   Thumb Code     0  cpu_a.o(.text)
    CPU_IntEn                                0x080077e9   Thumb Code     0  cpu_a.o(.text)
    CPU_SR_Save                              0x080077ed   Thumb Code     0  cpu_a.o(.text)
    CPU_SR_Restore                           0x080077f5   Thumb Code     0  cpu_a.o(.text)
    CPU_WaitForInt                           0x080077fb   Thumb Code     0  cpu_a.o(.text)
    CPU_WaitForExcept                        0x080077ff   Thumb Code     0  cpu_a.o(.text)
    CPU_CntLeadZeros                         0x08007803   Thumb Code     0  cpu_a.o(.text)
    CPU_CntTrailZeros                        0x08007809   Thumb Code     0  cpu_a.o(.text)
    CPU_RevBits                              0x08007813   Thumb Code     0  cpu_a.o(.text)
    ASCII_IsAlpha                            0x08007819   Thumb Code    48  lib_ascii.o(.text)
    ASCII_IsAlphaNum                         0x08007849   Thumb Code    76  lib_ascii.o(.text)
    ASCII_IsLower                            0x08007895   Thumb Code    20  lib_ascii.o(.text)
    ASCII_IsUpper                            0x080078a9   Thumb Code    20  lib_ascii.o(.text)
    ASCII_IsDig                              0x080078bd   Thumb Code    20  lib_ascii.o(.text)
    ASCII_IsDigOct                           0x080078d1   Thumb Code    20  lib_ascii.o(.text)
    ASCII_IsDigHex                           0x080078e5   Thumb Code    36  lib_ascii.o(.text)
    ASCII_IsBlank                            0x08007909   Thumb Code    20  lib_ascii.o(.text)
    ASCII_IsSpace                            0x0800791d   Thumb Code    36  lib_ascii.o(.text)
    ASCII_IsPrint                            0x08007941   Thumb Code    20  lib_ascii.o(.text)
    ASCII_IsGraph                            0x08007955   Thumb Code    20  lib_ascii.o(.text)
    ASCII_IsPunct                            0x08007969   Thumb Code   134  lib_ascii.o(.text)
    ASCII_IsCtrl                             0x080079ef   Thumb Code    26  lib_ascii.o(.text)
    ASCII_ToLower                            0x08007a09   Thumb Code    32  lib_ascii.o(.text)
    ASCII_ToUpper                            0x08007a29   Thumb Code    32  lib_ascii.o(.text)
    ASCII_Cmp                                0x08007a49   Thumb Code    38  lib_ascii.o(.text)
    Mem_Init                                 0x08007a71   Thumb Code    52  lib_mem.o(.text)
    Mem_Set                                  0x08007aa5   Thumb Code    84  lib_mem.o(.text)
    Mem_Clr                                  0x08007af9   Thumb Code    18  lib_mem.o(.text)
    Mem_Move                                 0x08007b0b   Thumb Code   186  lib_mem.o(.text)
    Mem_Cmp                                  0x08007bc5   Thumb Code   192  lib_mem.o(.text)
    Mem_HeapAlloc                            0x08007cfd   Thumb Code   168  lib_mem.o(.text)
    Mem_SegGetSizeRem                        0x08007da5   Thumb Code   108  lib_mem.o(.text)
    Mem_HeapGetSizeRem                       0x08007e11   Thumb Code    22  lib_mem.o(.text)
    Mem_PoolClr                              0x08007e27   Thumb Code    82  lib_mem.o(.text)
    Mem_PoolCreate                           0x08007e79   Thumb Code   838  lib_mem.o(.text)
    Mem_PoolBlkGetNbrAvail                   0x080081bf   Thumb Code    52  lib_mem.o(.text)
    Mem_PoolBlkGet                           0x080081f3   Thumb Code   126  lib_mem.o(.text)
    Mem_PoolBlkGetUsedAtIx                   0x08008271   Thumb Code   140  lib_mem.o(.text)
    Mem_PoolBlkFree                          0x080082fd   Thumb Code   152  lib_mem.o(.text)
    Mem_PoolBlkIxGet                         0x08008395   Thumb Code   162  lib_mem.o(.text)
    Str_Len_N                                0x08008439   Thumb Code    28  lib_str.o(.text)
    Str_Len                                  0x08008455   Thumb Code    20  lib_str.o(.text)
    Str_Copy_N                               0x08008469   Thumb Code    70  lib_str.o(.text)
    Str_Copy                                 0x080084af   Thumb Code    24  lib_str.o(.text)
    Str_Cat_N                                0x080084c7   Thumb Code    90  lib_str.o(.text)
    Str_Cat                                  0x08008521   Thumb Code    24  lib_str.o(.text)
    Str_Cmp_N                                0x08008539   Thumb Code   156  lib_str.o(.text)
    Str_Cmp                                  0x080085d5   Thumb Code    24  lib_str.o(.text)
    Str_CmpIgnoreCase_N                      0x080085ed   Thumb Code   264  lib_str.o(.text)
    Str_CmpIgnoreCase                        0x080086f5   Thumb Code    24  lib_str.o(.text)
    Str_Char_N                               0x0800870d   Thumb Code    74  lib_str.o(.text)
    Str_Char                                 0x08008757   Thumb Code    24  lib_str.o(.text)
    Str_Char_Last_N                          0x0800876f   Thumb Code    76  lib_str.o(.text)
    Str_Char_Last                            0x080087bb   Thumb Code    24  lib_str.o(.text)
    Str_Char_Replace_N                       0x080087d3   Thumb Code    52  lib_str.o(.text)
    Str_Char_Replace                         0x08008807   Thumb Code    28  lib_str.o(.text)
    Str_Str_N                                0x08008823   Thumb Code   182  lib_str.o(.text)
    Str_Str                                  0x080088d9   Thumb Code    24  lib_str.o(.text)
    Str_FmtNbr_Int32U                        0x08008acd   Thumb Code    46  lib_str.o(.text)
    Str_FmtNbr_Int32S                        0x08008afb   Thumb Code    62  lib_str.o(.text)
    Str_ParseNbr_Int32U                      0x08008cf7   Thumb Code    30  lib_str.o(.text)
    Str_ParseNbr_Int32S                      0x08008d15   Thumb Code    74  lib_str.o(.text)
    Mem_Copy                                 0x08008d65   Thumb Code     0  lib_mem_a.o(.text)
    OSCfg_Init                               0x08008f85   Thumb Code    86  os_cfg_app.o(.text)
    OS_IdleTask                              0x08009081   Thumb Code    60  os_core.o(.text)
    OS_IdleTaskInit                          0x080090bd   Thumb Code    68  os_core.o(.text)
    OS_RdyListInit                           0x08009101   Thumb Code    32  os_core.o(.text)
    OSInit                                   0x08009121   Thumb Code   300  os_core.o(.text)
    OSIntEnter                               0x0800924d   Thumb Code    34  os_core.o(.text)
    OSIntExit                                0x0800926f   Thumb Code   188  os_core.o(.text)
    OSSched                                  0x0800932b   Thumb Code   130  os_core.o(.text)
    OS_SchedLockTimeMeasStart                0x080093ad   Thumb Code    20  os_core.o(.text)
    OSSchedLock                              0x080093c1   Thumb Code   104  os_core.o(.text)
    OS_SchedLockTimeMeasStop                 0x08009429   Thumb Code    44  os_core.o(.text)
    OSSchedUnlock                            0x08009455   Thumb Code   286  os_core.o(.text)
    OSSchedRoundRobinCfg                     0x08009573   Thumb Code    88  os_core.o(.text)
    OS_RdyListMoveHeadToTail                 0x080095cb   Thumb Code    68  os_core.o(.text)
    OSSchedRoundRobinYield                   0x0800960f   Thumb Code   164  os_core.o(.text)
    OSStart                                  0x080096b3   Thumb Code    78  os_core.o(.text)
    OSVersion                                0x08009701   Thumb Code    12  os_core.o(.text)
    OS_PendDbgNameAdd                        0x0800970d   Thumb Code    66  os_core.o(.text)
    OS_PendListInsertPrio                    0x0800974f   Thumb Code   102  os_core.o(.text)
    OS_PendDataInit                          0x080097b5   Thumb Code    38  os_core.o(.text)
    OS_RdyListRemove                         0x080097db   Thumb Code    86  os_core.o(.text)
    OS_TaskBlock                             0x08009831   Thumb Code    56  os_core.o(.text)
    OS_Pend                                  0x08009869   Thumb Code    98  os_core.o(.text)
    OS_PendListRemove1                       0x080098cb   Thumb Code   136  os_core.o(.text)
    OS_PendListRemove                        0x08009953   Thumb Code    48  os_core.o(.text)
    OS_PendAbort1                            0x08009983   Thumb Code    36  os_core.o(.text)
    OS_RdyListInsertHead                     0x080099a7   Thumb Code    58  os_core.o(.text)
    OS_RdyListInsertTail                     0x080099e1   Thumb Code    56  os_core.o(.text)
    OS_RdyListInsert                         0x08009a19   Thumb Code    40  os_core.o(.text)
    OS_TaskRdy                               0x08009a41   Thumb Code    28  os_core.o(.text)
    OS_PendAbort                             0x08009a5d   Thumb Code   166  os_core.o(.text)
    OS_PendDbgNameRemove                     0x08009b03   Thumb Code    34  os_core.o(.text)
    OS_PendListChangePrio                    0x08009b25   Thumb Code    70  os_core.o(.text)
    OS_PendListInit                          0x08009b6b   Thumb Code    10  os_core.o(.text)
    OS_PendListInsertHead                    0x08009b75   Thumb Code    32  os_core.o(.text)
    OS_PendObjDel1                           0x08009b95   Thumb Code    36  os_core.o(.text)
    OS_PendObjDel                            0x08009bb9   Thumb Code   162  os_core.o(.text)
    OS_Post1                                 0x08009c5b   Thumb Code    42  os_core.o(.text)
    OS_Post                                  0x08009c85   Thumb Code   192  os_core.o(.text)
    OS_Sched0                                0x08009d45   Thumb Code    68  os_core.o(.text)
    OS_SchedRoundRobin                       0x08009d89   Thumb Code   218  os_core.o(.text)
    OS_Dbg_Init                              0x08009e71   Thumb Code   146  os_dbg.o(.text)
    OS_FlagDbgListAdd                        0x0800a021   Thumb Code    38  os_flag.o(.text)
    OSFlagCreate                             0x0800a047   Thumb Code   172  os_flag.o(.text)
    OS_FlagClr                               0x0800a0f3   Thumb Code    28  os_flag.o(.text)
    OS_FlagDbgListRemove                     0x0800a10f   Thumb Code    44  os_flag.o(.text)
    OSFlagDel                                0x0800a13b   Thumb Code   594  os_flag.o(.text)
    OS_FlagBlock                             0x0800a38d   Thumb Code    58  os_flag.o(.text)
    OSFlagPend                               0x0800a3c7   Thumb Code  1488  os_flag.o(.text)
    OSFlagPendAbort                          0x0800a997   Thumb Code   292  os_flag.o(.text)
    OSFlagPendGetFlagsRdy                    0x0800aabb   Thumb Code    68  os_flag.o(.text)
    OS_FlagTaskRdy                           0x0800aaff   Thumb Code    86  os_flag.o(.text)
    OS_FlagPost                              0x0800ab55   Thumb Code   570  os_flag.o(.text)
    OSFlagPost                               0x0800ad8f   Thumb Code   146  os_flag.o(.text)
    OS_FlagInit                              0x0800ae21   Thumb Code    14  os_flag.o(.text)
    OS_IntQPost                              0x0800ae49   Thumb Code   216  os_int.o(.text)
    OS_IntQRePost                            0x0800af21   Thumb Code   360  os_int.o(.text)
    OS_IntQTask                              0x0800b089   Thumb Code   162  os_int.o(.text)
    OS_IntQTaskInit                          0x0800b12b   Thumb Code   208  os_int.o(.text)
    OS_MemDbgListAdd                         0x0800b28d   Thumb Code    34  os_mem.o(.text)
    OSMemCreate                              0x0800b2af   Thumb Code   288  os_mem.o(.text)
    OSMemGet                                 0x0800b3cf   Thumb Code   100  os_mem.o(.text)
    OSMemPut                                 0x0800b433   Thumb Code   112  os_mem.o(.text)
    OS_MemInit                               0x0800b4a3   Thumb Code    14  os_mem.o(.text)
    OS_MsgPoolCreate                         0x0800b4c5   Thumb Code    54  os_msg.o(.text)
    OS_MsgPoolInit                           0x0800b4fb   Thumb Code    70  os_msg.o(.text)
    OS_MsgQFreeAll                           0x0800b541   Thumb Code    62  os_msg.o(.text)
    OS_MsgQInit                              0x0800b57f   Thumb Code    14  os_msg.o(.text)
    OS_MsgQGet                               0x0800b58d   Thumb Code    98  os_msg.o(.text)
    OS_MsgQPut                               0x0800b5ef   Thumb Code   246  os_msg.o(.text)
    OS_MutexDbgListAdd                       0x0800b6f1   Thumb Code    38  os_mutex.o(.text)
    OSMutexCreate                            0x0800b717   Thumb Code   178  os_mutex.o(.text)
    OS_MutexClr                              0x0800b7c9   Thumb Code    38  os_mutex.o(.text)
    OS_MutexDbgListRemove                    0x0800b7ef   Thumb Code    44  os_mutex.o(.text)
    OSMutexDel                               0x0800b81b   Thumb Code   842  os_mutex.o(.text)
    OSMutexPend                              0x0800bb65   Thumb Code   706  os_mutex.o(.text)
    OSMutexPendAbort                         0x0800be27   Thumb Code   314  os_mutex.o(.text)
    OSMutexPost                              0x0800bf61   Thumb Code   564  os_mutex.o(.text)
    OS_MutexInit                             0x0800c195   Thumb Code    14  os_mutex.o(.text)
    OS_PrioInit                              0x0800c1c5   Thumb Code    20  os_prio.o(.text)
    OS_PrioGetHighest                        0x0800c1d9   Thumb Code    36  os_prio.o(.text)
    OS_PrioInsert                            0x0800c1fd   Thumb Code    32  os_prio.o(.text)
    OS_PrioRemove                            0x0800c21d   Thumb Code    32  os_prio.o(.text)
    OS_QDbgListAdd                           0x0800c241   Thumb Code    38  os_q.o(.text)
    OSQCreate                                0x0800c267   Thumb Code   186  os_q.o(.text)
    OS_QClr                                  0x0800c321   Thumb Code    40  os_q.o(.text)
    OS_QDbgListRemove                        0x0800c349   Thumb Code    44  os_q.o(.text)
    OSQDel                                   0x0800c375   Thumb Code   362  os_q.o(.text)
    OSQFlush                                 0x0800c4df   Thumb Code   210  os_q.o(.text)
    OSQPend                                  0x0800c5b1   Thumb Code   538  os_q.o(.text)
    OSQPendAbort                             0x0800c7cb   Thumb Code   292  os_q.o(.text)
    OS_QPost                                 0x0800c8ef   Thumb Code   324  os_q.o(.text)
    OSQPost                                  0x0800ca33   Thumb Code   198  os_q.o(.text)
    OS_QInit                                 0x0800caf9   Thumb Code    14  os_q.o(.text)
    OS_SemDbgListAdd                         0x0800cb19   Thumb Code    38  os_sem.o(.text)
    OSSemCreate                              0x0800cb3f   Thumb Code   172  os_sem.o(.text)
    OS_SemClr                                0x0800cbeb   Thumb Code    28  os_sem.o(.text)
    OS_SemDbgListRemove                      0x0800cc07   Thumb Code    44  os_sem.o(.text)
    OSSemDel                                 0x0800cc33   Thumb Code   362  os_sem.o(.text)
    OSSemPend                                0x0800cd9d   Thumb Code   504  os_sem.o(.text)
    OSSemPendAbort                           0x0800cf95   Thumb Code   292  os_sem.o(.text)
    OS_SemPost                               0x0800d0b9   Thumb Code   350  os_sem.o(.text)
    OSSemPost                                0x0800d217   Thumb Code   144  os_sem.o(.text)
    OSSemSet                                 0x0800d2a7   Thumb Code   138  os_sem.o(.text)
    OS_SemInit                               0x0800d331   Thumb Code    14  os_sem.o(.text)
    OSStatReset                              0x0800d349   Thumb Code   270  os_stat.o(.text)
    OSStatTaskCPUUsageInit                   0x0800d457   Thumb Code   212  os_stat.o(.text)
    OS_StatTask                              0x0800d52b   Thumb Code   888  os_stat.o(.text)
    OS_StatTaskInit                          0x0800d8a3   Thumb Code   138  os_stat.o(.text)
    OSTaskChangePrio                         0x0800d981   Thumb Code   416  os_task.o(.text)
    OS_TaskDbgListAdd                        0x0800db21   Thumb Code    42  os_task.o(.text)
    OS_TaskInitTCB                           0x0800db4b   Thumb Code   186  os_task.o(.text)
    OSTaskCreate                             0x0800dc05   Thumb Code   616  os_task.o(.text)
    OS_TaskDbgListRemove                     0x0800de6d   Thumb Code    64  os_task.o(.text)
    OSTaskDel                                0x0800dead   Thumb Code   424  os_task.o(.text)
    OSTaskQFlush                             0x0800e055   Thumb Code   214  os_task.o(.text)
    OSTaskQPend                              0x0800e12b   Thumb Code   554  os_task.o(.text)
    OSTaskQPendAbort                         0x0800e355   Thumb Code   242  os_task.o(.text)
    OS_TaskQPost                             0x0800e447   Thumb Code   526  os_task.o(.text)
    OSTaskQPost                              0x0800e655   Thumb Code   114  os_task.o(.text)
    OSTaskRegGet                             0x0800e6c7   Thumb Code    78  os_task.o(.text)
    OSTaskRegGetID                           0x0800e715   Thumb Code    84  os_task.o(.text)
    OSTaskRegSet                             0x0800e769   Thumb Code    78  os_task.o(.text)
    OS_TaskResume                            0x0800e7b7   Thumb Code   314  os_task.o(.text)
    OSTaskResume                             0x0800e8f1   Thumb Code   112  os_task.o(.text)
    OSTaskSemPend                            0x0800e961   Thumb Code   550  os_task.o(.text)
    OSTaskSemPendAbort                       0x0800eb87   Thumb Code   270  os_task.o(.text)
    OS_TaskSemPost                           0x0800ec95   Thumb Code  1224  os_task.o(.text)
    OSTaskSemPost                            0x0800f15d   Thumb Code    98  os_task.o(.text)
    OSTaskSemSet                             0x0800f1bf   Thumb Code    80  os_task.o(.text)
    OSTaskStkChk                             0x0800f20f   Thumb Code   224  os_task.o(.text)
    OS_TaskSuspend                           0x0800f2ef   Thumb Code   328  os_task.o(.text)
    OSTaskSuspend                            0x0800f437   Thumb Code    78  os_task.o(.text)
    OSTaskTimeQuantaSet                      0x0800f485   Thumb Code    96  os_task.o(.text)
    OS_TaskInit                              0x0800f4e5   Thumb Code    18  os_task.o(.text)
    OS_TaskReturn                            0x0800f4f7   Thumb Code    20  os_task.o(.text)
    OS_TickListRemove                        0x0800f535   Thumb Code    56  os_tick.o(.text)
    OS_TickListUpdate                        0x0800f56d   Thumb Code   480  os_tick.o(.text)
    OS_TickTask                              0x0800f74d   Thumb Code    38  os_tick.o(.text)
    OS_TickListInit                          0x0800f773   Thumb Code    32  os_tick.o(.text)
    OS_TickTaskInit                          0x0800f793   Thumb Code   130  os_tick.o(.text)
    OS_TickListInsert                        0x0800f815   Thumb Code   502  os_tick.o(.text)
    OS_TickListResetPeak                     0x0800fa0b   Thumb Code    28  os_tick.o(.text)
    OSTimeDly                                0x0800fa31   Thumb Code   266  os_time.o(.text)
    OSTimeDlyHMSM                            0x0800fb3b   Thumb Code   480  os_time.o(.text)
    OSTimeDlyResume                          0x0800fd1b   Thumb Code   466  os_time.o(.text)
    OSTimeGet                                0x0800feed   Thumb Code    46  os_time.o(.text)
    OSTimeSet                                0x0800ff1b   Thumb Code    46  os_time.o(.text)
    OSTimeTick                               0x0800ff49   Thumb Code    54  os_time.o(.text)
    OS_TmrDbgListAdd                         0x0800ff95   Thumb Code    34  os_tmr.o(.text)
    OSTmrCreate                              0x0800ffb7   Thumb Code   248  os_tmr.o(.text)
    OS_TmrClr                                0x080100af   Thumb Code    36  os_tmr.o(.text)
    OS_TmrUnlink                             0x080100d3   Thumb Code    72  os_tmr.o(.text)
    OS_TmrDbgListRemove                      0x0801011b   Thumb Code    44  os_tmr.o(.text)
    OSTmrDel                                 0x08010147   Thumb Code   176  os_tmr.o(.text)
    OSTmrRemainGet                           0x080101f7   Thumb Code   184  os_tmr.o(.text)
    OS_TmrLink                               0x080102af   Thumb Code   196  os_tmr.o(.text)
    OSTmrStart                               0x08010373   Thumb Code   210  os_tmr.o(.text)
    OSTmrStateGet                            0x08010445   Thumb Code   134  os_tmr.o(.text)
    OSTmrStop                                0x080104cb   Thumb Code   232  os_tmr.o(.text)
    OS_TmrTask                               0x080105b3   Thumb Code   176  os_tmr.o(.text)
    OS_TmrInit                               0x08010663   Thumb Code   208  os_tmr.o(.text)
    OS_TmrResetPeak                          0x08010733   Thumb Code    28  os_tmr.o(.text)
    OSIdleTaskHook                           0x080107ad   Thumb Code    16  os_cpu_c.o(.text)
    OSInitHook                               0x080107bd   Thumb Code    28  os_cpu_c.o(.text)
    OSStatTaskHook                           0x080107d9   Thumb Code    16  os_cpu_c.o(.text)
    OSTaskCreateHook                         0x080107e9   Thumb Code    20  os_cpu_c.o(.text)
    OSTaskDelHook                            0x080107fd   Thumb Code    20  os_cpu_c.o(.text)
    OSTaskReturnHook                         0x08010811   Thumb Code    20  os_cpu_c.o(.text)
    OSTaskStkInit                            0x08010825   Thumb Code   600  os_cpu_c.o(.text)
    OSTaskSwHook                             0x08010a7d   Thumb Code   120  os_cpu_c.o(.text)
    OSTimeTickHook                           0x08010af5   Thumb Code    16  os_cpu_c.o(.text)
    OS_CPU_SysTickHandler                    0x08010b05   Thumb Code    52  os_cpu_c.o(.text)
    OS_CPU_SysTickInit                       0x08010b39   Thumb Code    44  os_cpu_c.o(.text)
    mymemcpy                                 0x08010ba5   Thumb Code    26  malloc.o(.text)
    mymemset                                 0x08010bbf   Thumb Code    20  malloc.o(.text)
    my_mem_init                              0x08010bd3   Thumb Code    54  malloc.o(.text)
    my_mem_perused                           0x08010c09   Thumb Code    54  malloc.o(.text)
    my_mem_malloc                            0x08010c3f   Thumb Code   154  malloc.o(.text)
    my_mem_free                              0x08010cd9   Thumb Code    94  malloc.o(.text)
    myfree                                   0x08010d37   Thumb Code    32  malloc.o(.text)
    mymalloc                                 0x08010d57   Thumb Code    36  malloc.o(.text)
    myrealloc                                0x08010d7b   Thumb Code    68  malloc.o(.text)
    __use_no_semihosting                     0x08010dd1   Thumb Code     2  use_no_semi_2.o(.text)
    __aeabi_uldivmod                         0x08010dd3   Thumb Code     0  lludivv7m.o(.text)
    _ll_udiv                                 0x08010dd3   Thumb Code   238  lludivv7m.o(.text)
    strlen                                   0x08010ec1   Thumb Code    62  strlen.o(.text)
    __aeabi_memcpy                           0x08010eff   Thumb Code     0  rt_memcpy_v6.o(.text)
    __rt_memcpy                              0x08010eff   Thumb Code   138  rt_memcpy_v6.o(.text)
    _memcpy_lastbytes                        0x08010f65   Thumb Code     0  rt_memcpy_v6.o(.text)
    __aeabi_memclr                           0x08010f89   Thumb Code     0  rt_memclr.o(.text)
    __rt_memclr                              0x08010f89   Thumb Code    68  rt_memclr.o(.text)
    _memset                                  0x08010f8d   Thumb Code     0  rt_memclr.o(.text)
    __aeabi_memclr4                          0x08010fcd   Thumb Code     0  rt_memclr_w.o(.text)
    __aeabi_memclr8                          0x08010fcd   Thumb Code     0  rt_memclr_w.o(.text)
    __rt_memclr_w                            0x08010fcd   Thumb Code    78  rt_memclr_w.o(.text)
    _memset_w                                0x08010fd1   Thumb Code     0  rt_memclr_w.o(.text)
    __use_two_region_memory                  0x0801101b   Thumb Code     2  heapauxi.o(.text)
    __rt_heap_escrow$2region                 0x0801101d   Thumb Code     2  heapauxi.o(.text)
    __rt_heap_expand$2region                 0x0801101f   Thumb Code     2  heapauxi.o(.text)
    __I$use$semihosting                      0x08011021   Thumb Code     0  use_no_semi.o(.text)
    __use_no_semihosting_swi                 0x08011021   Thumb Code     2  use_no_semi.o(.text)
    __aeabi_memcpy4                          0x08011023   Thumb Code     0  rt_memcpy_w.o(.text)
    __aeabi_memcpy8                          0x08011023   Thumb Code     0  rt_memcpy_w.o(.text)
    __rt_memcpy_w                            0x08011023   Thumb Code   100  rt_memcpy_w.o(.text)
    _memcpy_lastbytes_aligned                0x0801106b   Thumb Code     0  rt_memcpy_w.o(.text)
    __user_setup_stackheap                   0x08011087   Thumb Code    74  sys_stackheap_outer.o(.text)
    exit                                     0x080110d1   Thumb Code    18  exit.o(.text)
    __user_libspace                          0x080110e5   Thumb Code     8  libspace.o(.text)
    __user_perproc_libspace                  0x080110e5   Thumb Code     0  libspace.o(.text)
    __user_perthread_libspace                0x080110e5   Thumb Code     0  libspace.o(.text)
    OSStartHighRdy                           0x080110ed   Thumb Code     0  os_cpu_a.o(CODE)
    OSCtxSw                                  0x0801110f   Thumb Code     0  os_cpu_a.o(CODE)
    OSIntCtxSw                               0x08011119   Thumb Code     0  os_cpu_a.o(CODE)
    PendSV_Handler                           0x08011123   Thumb Code     0  os_cpu_a.o(CODE)
    __hardfp_fabs                            0x08011199   Thumb Code    20  fabs.o(i.__hardfp_fabs)
    __aeabi_d2f                              0x080111ad   Thumb Code     0  d2f.o(x$fpl$d2f)
    _d2f                                     0x080111ad   Thumb Code    98  d2f.o(x$fpl$d2f)
    __fpl_dcmp_Inf                           0x0801120f   Thumb Code    24  dcmpi.o(x$fpl$dcmpinf)
    __aeabi_ui2d                             0x08011227   Thumb Code     0  dflt_clz.o(x$fpl$dfltu)
    _dfltu                                   0x08011227   Thumb Code    38  dflt_clz.o(x$fpl$dfltu)
    __aeabi_cdcmple                          0x0801124d   Thumb Code     0  dleqf.o(x$fpl$dleqf)
    _dcmple                                  0x0801124d   Thumb Code   120  dleqf.o(x$fpl$dleqf)
    __fpl_dcmple_InfNaN                      0x080112af   Thumb Code     0  dleqf.o(x$fpl$dleqf)
    __aeabi_dmul                             0x080112c5   Thumb Code     0  dmul.o(x$fpl$dmul)
    _dmul                                    0x080112c5   Thumb Code   332  dmul.o(x$fpl$dmul)
    __fpl_dnaninf                            0x08011419   Thumb Code   156  dnaninf.o(x$fpl$dnaninf)
    __fpl_dretinf                            0x080114b5   Thumb Code    12  dretinf.o(x$fpl$dretinf)
    __aeabi_f2d                              0x080114c1   Thumb Code     0  f2d.o(x$fpl$f2d)
    _f2d                                     0x080114c1   Thumb Code    86  f2d.o(x$fpl$f2d)
    __fpl_fnaninf                            0x08011517   Thumb Code   140  fnaninf.o(x$fpl$fnaninf)
    _fp_init                                 0x080115a3   Thumb Code    10  fpinit.o(x$fpl$fpinit)
    __fplib_config_fpu_vfp                   0x080115ab   Thumb Code     0  fpinit.o(x$fpl$fpinit)
    __fplib_config_pureend_doubles           0x080115ab   Thumb Code     0  fpinit.o(x$fpl$fpinit)
    __fpl_fretinf                            0x080115ad   Thumb Code    10  fretinf.o(x$fpl$fretinf)
    __I$use$fp                               0x080115b6   Number         0  usenofp.o(x$fpl$usenofp)
    FSMC_DefaultTimingStruct                 0x080115b8   Data          28  stm32f4xx_fsmc.o(.constdata)
    CPU_EndiannessTest                       0x080116d4   Data           4  cpu_core.o(.constdata)
    OSCfg_IdleTaskStkBasePtr                 0x0801176c   Data           4  os_cfg_app.o(.constdata)
    OSCfg_IdleTaskStkLimit                   0x08011770   Data           4  os_cfg_app.o(.constdata)
    OSCfg_IdleTaskStkSize                    0x08011774   Data           4  os_cfg_app.o(.constdata)
    OSCfg_IdleTaskStkSizeRAM                 0x08011778   Data           4  os_cfg_app.o(.constdata)
    OSCfg_IntQBasePtr                        0x0801177c   Data           4  os_cfg_app.o(.constdata)
    OSCfg_IntQSize                           0x08011780   Data           2  os_cfg_app.o(.constdata)
    OSCfg_IntQSizeRAM                        0x08011784   Data           4  os_cfg_app.o(.constdata)
    OSCfg_IntQTaskStkBasePtr                 0x08011788   Data           4  os_cfg_app.o(.constdata)
    OSCfg_IntQTaskStkLimit                   0x0801178c   Data           4  os_cfg_app.o(.constdata)
    OSCfg_IntQTaskStkSize                    0x08011790   Data           4  os_cfg_app.o(.constdata)
    OSCfg_IntQTaskStkSizeRAM                 0x08011794   Data           4  os_cfg_app.o(.constdata)
    OSCfg_ISRStkBasePtr                      0x08011798   Data           4  os_cfg_app.o(.constdata)
    OSCfg_ISRStkSize                         0x0801179c   Data           4  os_cfg_app.o(.constdata)
    OSCfg_ISRStkSizeRAM                      0x080117a0   Data           4  os_cfg_app.o(.constdata)
    OSCfg_MsgPoolSize                        0x080117a4   Data           2  os_cfg_app.o(.constdata)
    OSCfg_MsgPoolSizeRAM                     0x080117a8   Data           4  os_cfg_app.o(.constdata)
    OSCfg_MsgPoolBasePtr                     0x080117ac   Data           4  os_cfg_app.o(.constdata)
    OSCfg_StatTaskPrio                       0x080117b0   Data           1  os_cfg_app.o(.constdata)
    OSCfg_StatTaskRate_Hz                    0x080117b4   Data           4  os_cfg_app.o(.constdata)
    OSCfg_StatTaskStkBasePtr                 0x080117b8   Data           4  os_cfg_app.o(.constdata)
    OSCfg_StatTaskStkLimit                   0x080117bc   Data           4  os_cfg_app.o(.constdata)
    OSCfg_StatTaskStkSize                    0x080117c0   Data           4  os_cfg_app.o(.constdata)
    OSCfg_StatTaskStkSizeRAM                 0x080117c4   Data           4  os_cfg_app.o(.constdata)
    OSCfg_StkSizeMin                         0x080117c8   Data           4  os_cfg_app.o(.constdata)
    OSCfg_TickRate_Hz                        0x080117cc   Data           4  os_cfg_app.o(.constdata)
    OSCfg_TickTaskPrio                       0x080117d0   Data           1  os_cfg_app.o(.constdata)
    OSCfg_TickTaskStkBasePtr                 0x080117d4   Data           4  os_cfg_app.o(.constdata)
    OSCfg_TickTaskStkLimit                   0x080117d8   Data           4  os_cfg_app.o(.constdata)
    OSCfg_TickTaskStkSize                    0x080117dc   Data           4  os_cfg_app.o(.constdata)
    OSCfg_TickTaskStkSizeRAM                 0x080117e0   Data           4  os_cfg_app.o(.constdata)
    OSCfg_TickWheelSize                      0x080117e4   Data           2  os_cfg_app.o(.constdata)
    OSCfg_TickWheelSizeRAM                   0x080117e8   Data           4  os_cfg_app.o(.constdata)
    OSCfg_TmrTaskPrio                        0x080117ec   Data           1  os_cfg_app.o(.constdata)
    OSCfg_TmrTaskRate_Hz                     0x080117f0   Data           4  os_cfg_app.o(.constdata)
    OSCfg_TmrTaskStkBasePtr                  0x080117f4   Data           4  os_cfg_app.o(.constdata)
    OSCfg_TmrTaskStkLimit                    0x080117f8   Data           4  os_cfg_app.o(.constdata)
    OSCfg_TmrTaskStkSize                     0x080117fc   Data           4  os_cfg_app.o(.constdata)
    OSCfg_TmrTaskStkSizeRAM                  0x08011800   Data           4  os_cfg_app.o(.constdata)
    OSCfg_TmrWheelSize                       0x08011804   Data           2  os_cfg_app.o(.constdata)
    OSCfg_TmrWheelSizeRAM                    0x08011808   Data           4  os_cfg_app.o(.constdata)
    OSCfg_DataSizeRAM                        0x0801180c   Data           4  os_cfg_app.o(.constdata)
    OSDbg_DbgEn                              0x08011810   Data           2  os_dbg.o(.constdata)
    OSDbg_ArgChkEn                           0x08011812   Data           1  os_dbg.o(.constdata)
    OSDbg_AppHooksEn                         0x08011813   Data           1  os_dbg.o(.constdata)
    OSDbg_EndiannessTest                     0x08011814   Data           4  os_dbg.o(.constdata)
    OSDbg_CalledFromISRChkEn                 0x08011818   Data           1  os_dbg.o(.constdata)
    OSDbg_FlagEn                             0x08011819   Data           1  os_dbg.o(.constdata)
    OSDbg_FlagGrp                            0x0801181c   Data          40  os_dbg.o(.constdata)
    OSDbg_FlagDelEn                          0x08011844   Data           1  os_dbg.o(.constdata)
    OSDbg_FlagModeClrEn                      0x08011845   Data           1  os_dbg.o(.constdata)
    OSDbg_FlagPendAbortEn                    0x08011846   Data           1  os_dbg.o(.constdata)
    OSDbg_FlagGrpSize                        0x08011848   Data           2  os_dbg.o(.constdata)
    OSDbg_FlagWidth                          0x0801184a   Data           2  os_dbg.o(.constdata)
    OSDbg_IntQ                               0x0801184c   Data           2  os_dbg.o(.constdata)
    OSDbg_ISRPostDeferredEn                  0x0801184e   Data           1  os_dbg.o(.constdata)
    OSDbg_Mem                                0x08011850   Data          32  os_dbg.o(.constdata)
    OSDbg_MemEn                              0x08011870   Data           1  os_dbg.o(.constdata)
    OSDbg_MemSize                            0x08011872   Data           2  os_dbg.o(.constdata)
    OSDbg_MsgEn                              0x08011874   Data           1  os_dbg.o(.constdata)
    OSDbg_MsgSize                            0x08011876   Data           2  os_dbg.o(.constdata)
    OSDbg_MsgPoolSize                        0x08011878   Data           2  os_dbg.o(.constdata)
    OSDbg_MsgQSize                           0x0801187a   Data           2  os_dbg.o(.constdata)
    OSDbg_Mutex                              0x0801187c   Data          44  os_dbg.o(.constdata)
    OSDbg_MutexEn                            0x080118a8   Data           1  os_dbg.o(.constdata)
    OSDbg_MutexDelEn                         0x080118a9   Data           1  os_dbg.o(.constdata)
    OSDbg_MutexPendAbortEn                   0x080118aa   Data           1  os_dbg.o(.constdata)
    OSDbg_MutexSize                          0x080118ac   Data           2  os_dbg.o(.constdata)
    OSDbg_ObjTypeChkEn                       0x080118ae   Data           1  os_dbg.o(.constdata)
    OSDbg_PendMultiEn                        0x080118af   Data           1  os_dbg.o(.constdata)
    OSDbg_PendDataSize                       0x080118b0   Data           2  os_dbg.o(.constdata)
    OSDbg_PendListSize                       0x080118b2   Data           2  os_dbg.o(.constdata)
    OSDbg_PendObjSize                        0x080118b4   Data           2  os_dbg.o(.constdata)
    OSDbg_PrioMax                            0x080118b6   Data           2  os_dbg.o(.constdata)
    OSDbg_PrioTblSize                        0x080118b8   Data           2  os_dbg.o(.constdata)
    OSDbg_PtrSize                            0x080118ba   Data           2  os_dbg.o(.constdata)
    OSDbg_Q                                  0x080118bc   Data          48  os_dbg.o(.constdata)
    OSDbg_QEn                                0x080118ec   Data           1  os_dbg.o(.constdata)
    OSDbg_QDelEn                             0x080118ed   Data           1  os_dbg.o(.constdata)
    OSDbg_QFlushEn                           0x080118ee   Data           1  os_dbg.o(.constdata)
    OSDbg_QPendAbortEn                       0x080118ef   Data           1  os_dbg.o(.constdata)
    OSDbg_QSize                              0x080118f0   Data           2  os_dbg.o(.constdata)
    OSDbg_SchedRoundRobinEn                  0x080118f2   Data           1  os_dbg.o(.constdata)
    OSDbg_Sem                                0x080118f4   Data          40  os_dbg.o(.constdata)
    OSDbg_SemEn                              0x0801191c   Data           1  os_dbg.o(.constdata)
    OSDbg_SemDelEn                           0x0801191d   Data           1  os_dbg.o(.constdata)
    OSDbg_SemPendAbortEn                     0x0801191e   Data           1  os_dbg.o(.constdata)
    OSDbg_SemSetEn                           0x0801191f   Data           1  os_dbg.o(.constdata)
    OSDbg_SemSize                            0x08011920   Data           2  os_dbg.o(.constdata)
    OSDbg_RdyList                            0x08011922   Data           2  os_dbg.o(.constdata)
    OSDbg_RdyListSize                        0x08011924   Data           4  os_dbg.o(.constdata)
    OSDbg_StkWidth                           0x08011928   Data           1  os_dbg.o(.constdata)
    OSDbg_StatTaskEn                         0x08011929   Data           1  os_dbg.o(.constdata)
    OSDbg_StatTaskStkChkEn                   0x0801192a   Data           1  os_dbg.o(.constdata)
    OSDbg_TaskChangePrioEn                   0x0801192b   Data           1  os_dbg.o(.constdata)
    OSDbg_TaskDelEn                          0x0801192c   Data           1  os_dbg.o(.constdata)
    OSDbg_TaskQEn                            0x0801192d   Data           1  os_dbg.o(.constdata)
    OSDbg_TaskQPendAbortEn                   0x0801192e   Data           1  os_dbg.o(.constdata)
    OSDbg_TaskProfileEn                      0x0801192f   Data           1  os_dbg.o(.constdata)
    OSDbg_TaskRegTblSize                     0x08011930   Data           2  os_dbg.o(.constdata)
    OSDbg_TaskSemPendAbortEn                 0x08011932   Data           1  os_dbg.o(.constdata)
    OSDbg_TaskSuspendEn                      0x08011933   Data           1  os_dbg.o(.constdata)
    OSDbg_TCBSize                            0x08011934   Data           2  os_dbg.o(.constdata)
    OSDbg_TickSpokeSize                      0x08011936   Data           2  os_dbg.o(.constdata)
    OSDbg_TimeDlyHMSMEn                      0x08011938   Data           1  os_dbg.o(.constdata)
    OSDbg_TimeDlyResumeEn                    0x08011939   Data           1  os_dbg.o(.constdata)
    OSDbg_TLS_TblSize                        0x0801193a   Data           2  os_dbg.o(.constdata)
    OSDbg_Tmr                                0x0801193c   Data          52  os_dbg.o(.constdata)
    OSDbg_TmrEn                              0x08011970   Data           1  os_dbg.o(.constdata)
    OSDbg_TmrDelEn                           0x08011971   Data           1  os_dbg.o(.constdata)
    OSDbg_TmrSize                            0x08011972   Data           2  os_dbg.o(.constdata)
    OSDbg_TmrSpokeSize                       0x08011974   Data           2  os_dbg.o(.constdata)
    OSDbg_VersionNbr                         0x08011976   Data           2  os_dbg.o(.constdata)
    OSDbg_DataSize                           0x08011978   Data           4  os_dbg.o(.constdata)
    memtblsize                               0x0801197c   Data          12  malloc.o(.constdata)
    memblksize                               0x08011988   Data          12  malloc.o(.constdata)
    memsize                                  0x08011994   Data          12  malloc.o(.constdata)
    Region$$Table$$Base                      0x080119a0   Number         0  anon$$obj.o(Region$$Table)
    Region$$Table$$Limit                     0x080119c0   Number         0  anon$$obj.o(Region$$Table)
    mem3base                                 0x10000000   Data       61440  malloc.o(.ARM.__AT_0x10000000)
    mem3mapbase                              0x1000f000   Data        3840  malloc.o(.ARM.__AT_0x1000F000)
    SystemCoreClock                          0x20000004   Data           4  system_stm32f4xx.o(.data)
    AHBPrescTable                            0x20000008   Data          16  system_stm32f4xx.o(.data)
    ipc_cmd_handler_table                    0x20000018   Data         232  task_pc_com.o(.data)
    pc_cmd_handler_tbl                       0x20000100   Data           8  task_pc_com.o(.data)
    elecmbile_status                         0x20000120   Data           4  mj_lib.o(.data)
    dest_angel                               0x20000124   Data           4  mj_lib.o(.data)
    Idle_Cnt_Stop                            0x20000128   Data           2  mj_lib.o(.data)
    Idle_Cnt_Rf433_Cmd                       0x2000012a   Data           2  mj_lib.o(.data)
    Idle_Cnt_Pc_Cmd                          0x2000012c   Data           2  mj_lib.o(.data)
    SET_TIME                                 0x20000142   Data           7  bsp_rtc.o(.data)
    CPU_TS_TmrFreq_Hz                        0x20000160   Data           4  cpu_core.o(.data)
    Mem_PoolTbl                              0x20000164   Data           4  lib_mem.o(.data)
    OSPrioTbl                                0x20000168   Data           8  os_prio.o(.data)
    OS_AppTaskCreateHookPtr                  0x20000170   Data           4  os_var.o(.data)
    OS_AppTaskDelHookPtr                     0x20000174   Data           4  os_var.o(.data)
    OS_AppTaskReturnHookPtr                  0x20000178   Data           4  os_var.o(.data)
    OS_AppIdleTaskHookPtr                    0x2000017c   Data           4  os_var.o(.data)
    OS_AppStatTaskHookPtr                    0x20000180   Data           4  os_var.o(.data)
    OS_AppTaskSwHookPtr                      0x20000184   Data           4  os_var.o(.data)
    OS_AppTimeTickHookPtr                    0x20000188   Data           4  os_var.o(.data)
    OSIdleTaskCtr                            0x2000018c   Data           4  os_var.o(.data)
    OSIntNestingCtr                          0x20000190   Data           1  os_var.o(.data)
    OSRunning                                0x20000191   Data           1  os_var.o(.data)
    OSIntQInPtr                              0x20000194   Data           4  os_var.o(.data)
    OSIntQOutPtr                             0x20000198   Data           4  os_var.o(.data)
    OSIntQNbrEntries                         0x2000019c   Data           2  os_var.o(.data)
    OSIntQNbrEntriesMax                      0x2000019e   Data           2  os_var.o(.data)
    OSIntQOvfCtr                             0x200001a0   Data           2  os_var.o(.data)
    OSIntQTaskTimeMax                        0x200001a4   Data           4  os_var.o(.data)
    OSFlagDbgListPtr                         0x200001a8   Data           4  os_var.o(.data)
    OSFlagQty                                0x200001ac   Data           2  os_var.o(.data)
    OSMemDbgListPtr                          0x200001b0   Data           4  os_var.o(.data)
    OSMemQty                                 0x200001b4   Data           2  os_var.o(.data)
    OSMutexDbgListPtr                        0x200001b8   Data           4  os_var.o(.data)
    OSMutexQty                               0x200001bc   Data           2  os_var.o(.data)
    OSPrioCur                                0x200001be   Data           1  os_var.o(.data)
    OSPrioHighRdy                            0x200001bf   Data           1  os_var.o(.data)
    OSPrioSaved                              0x200001c0   Data           1  os_var.o(.data)
    OSQDbgListPtr                            0x200001c4   Data           4  os_var.o(.data)
    OSQQty                                   0x200001c8   Data           2  os_var.o(.data)
    OSSchedLockTimeBegin                     0x200001cc   Data           4  os_var.o(.data)
    OSSchedLockTimeMax                       0x200001d0   Data           4  os_var.o(.data)
    OSSchedLockTimeMaxCur                    0x200001d4   Data           4  os_var.o(.data)
    OSSchedLockNestingCtr                    0x200001d8   Data           1  os_var.o(.data)
    OSSchedRoundRobinDfltTimeQuanta          0x200001dc   Data           4  os_var.o(.data)
    OSSchedRoundRobinEn                      0x200001e0   Data           1  os_var.o(.data)
    OSSemDbgListPtr                          0x200001e4   Data           4  os_var.o(.data)
    OSSemQty                                 0x200001e8   Data           2  os_var.o(.data)
    OSStatResetFlag                          0x200001ea   Data           1  os_var.o(.data)
    OSStatTaskCPUUsage                       0x200001ec   Data           2  os_var.o(.data)
    OSStatTaskCPUUsageMax                    0x200001ee   Data           2  os_var.o(.data)
    OSStatTaskCtr                            0x200001f0   Data           4  os_var.o(.data)
    OSStatTaskCtrMax                         0x200001f4   Data           4  os_var.o(.data)
    OSStatTaskCtrRun                         0x200001f8   Data           4  os_var.o(.data)
    OSStatTaskRdy                            0x200001fc   Data           1  os_var.o(.data)
    OSStatTaskTimeMax                        0x20000200   Data           4  os_var.o(.data)
    OSTaskCtxSwCtr                           0x20000204   Data           4  os_var.o(.data)
    OSTaskDbgListPtr                         0x20000208   Data           4  os_var.o(.data)
    OSTaskQty                                0x2000020c   Data           2  os_var.o(.data)
    OSTaskRegNextAvailID                     0x2000020e   Data           1  os_var.o(.data)
    OSTickCtr                                0x20000210   Data           4  os_var.o(.data)
    OSTickTaskTimeMax                        0x20000214   Data           4  os_var.o(.data)
    OSTmrDbgListPtr                          0x20000218   Data           4  os_var.o(.data)
    OSTmrQty                                 0x2000021c   Data           2  os_var.o(.data)
    OSTmrTaskTimeMax                         0x20000220   Data           4  os_var.o(.data)
    OSTmrTickCtr                             0x20000224   Data           4  os_var.o(.data)
    OSTmrUpdateCnt                           0x20000228   Data           4  os_var.o(.data)
    OSTmrUpdateCtr                           0x2000022c   Data           4  os_var.o(.data)
    OSTCBCurPtr                              0x20000230   Data           4  os_var.o(.data)
    OSTCBHighRdyPtr                          0x20000234   Data           4  os_var.o(.data)
    OS_CPU_ExceptStkBase                     0x20000238   Data           4  os_cpu_c.o(.data)
    mallco_dev                               0x2000023c   Data          36  malloc.o(.data)
    StartTaskTCB                             0x20000260   Data         196  main.o(.bss)
    START_TASK_STK                           0x20000324   Data        2048  main.o(.bss)
    tmr_light                                0x20000b24   Data          52  main.o(.bss)
    PcComRxTaskTCB                           0x20000b58   Data         196  task_pc_com.o(.bss)
    PcComTxTaskTCB                           0x20000c1c   Data         196  task_pc_com.o(.bss)
    PC_COMRx_TASK_STK                        0x20000ce0   Data        1024  task_pc_com.o(.bss)
    PC_COMTx_TASK_STK                        0x200010e0   Data        1024  task_pc_com.o(.bss)
    rms_state                                0x200015e6   Data          98  task_pc_com.o(.bss)
    Rf433TaskTCB                             0x20001750   Data         196  task_rf433.o(.bss)
    RF_433_TASK_STK                          0x20001814   Data         512  task_rf433.o(.bss)
    rf433_cmd                                0x20001a14   Data          13  task_rf433.o(.bss)
    TmrLeftLight                             0x20001a24   Data          52  task_timer.o(.bss)
    TmrRightLight                            0x20001a58   Data          52  task_timer.o(.bss)
    CanRx0TaskTCB                            0x20001a8c   Data         196  task_can_com.o(.bss)
    CanRx1TaskTCB                            0x20001b50   Data         196  task_can_com.o(.bss)
    CANRx0_TASK_STK                          0x20001c14   Data        1024  task_can_com.o(.bss)
    CANRx1_TASK_STK                          0x20002014   Data        1024  task_can_com.o(.bss)
    IRQ_EVENTs                               0x20002414   Data          40  mj_lib.o(.bss)
    adc_buff                                 0x20002540   Data         280  bsp_adc.o(.bss)
    adc_value                                0x20002658   Data          28  bsp_adc.o(.bss)
    CPU_Name                                 0x200029a8   Data          16  cpu_core.o(.bss)
    Mem_PoolHeap                             0x200029b8   Data          72  lib_mem.o(.bss)
    Mem_Heap                                 0x20002a00   Data          10  lib_mem.o(.bss)
    OSCfg_IdleTaskStk                        0x20002a0c   Data         512  os_cfg_app.o(.bss)
    OSCfg_IntQ                               0x20002c0c   Data         320  os_cfg_app.o(.bss)
    OSCfg_IntQTaskStk                        0x20002d4c   Data         512  os_cfg_app.o(.bss)
    OSCfg_ISRStk                             0x20002f4c   Data         512  os_cfg_app.o(.bss)
    OSCfg_MsgPool                            0x2000314c   Data        1600  os_cfg_app.o(.bss)
    OSCfg_StatTaskStk                        0x2000378c   Data         512  os_cfg_app.o(.bss)
    OSCfg_TickTaskStk                        0x2000398c   Data         512  os_cfg_app.o(.bss)
    OSCfg_TickWheel                          0x20003b8c   Data         136  os_cfg_app.o(.bss)
    OSCfg_TmrTaskStk                         0x20003c14   Data         512  os_cfg_app.o(.bss)
    OSCfg_TmrWheel                           0x20003e14   Data         136  os_cfg_app.o(.bss)
    OSIdleTaskTCB                            0x20003e9c   Data         196  os_var.o(.bss)
    OSIntQTaskTCB                            0x20003f60   Data         196  os_var.o(.bss)
    OSMsgPool                                0x20004024   Data          12  os_var.o(.bss)
    OSRdyList                                0x20004030   Data         768  os_var.o(.bss)
    OSStatTaskTCB                            0x20004330   Data         196  os_var.o(.bss)
    OSTickTaskTCB                            0x200043f4   Data         196  os_var.o(.bss)
    OSTmrTaskTCB                             0x200044b8   Data         196  os_var.o(.bss)
    mem1base                                 0x20004580   Data       102400  malloc.o(.bss)
    mem1mapbase                              0x2001d580   Data        6400  malloc.o(.bss)
    __libspace_start                         0x2001ee80   Data          96  libspace.o(.bss)
    __temporary_stack_top$libspace           0x2001eee0   Data           0  libspace.o(.bss)
    mem2base                                 0x68000000   Data       983040  malloc.o(.ARM.__AT_0x68000000)
    mem2mapbase                              0x680f0000   Data       61440  malloc.o(.ARM.__AT_0x680F0000)



==============================================================================

Memory Map of the image

  Image Entry point : 0x08000189

  Load Region LR_IROM1 (Base: 0x08000000, Size: 0x00011c20, Max: 0x00100000, ABSOLUTE, COMPRESSED[0x00011ab0])

    Execution Region ER_IROM1 (Base: 0x08000000, Size: 0x000119c0, Max: 0x00100000, ABSOLUTE)

    Base Addr    Size         Type   Attr      Idx    E Section Name        Object

    0x08000000   0x00000188   Data   RO          985    RESET               startup_stm32f40_41xxx.o
    0x08000188   0x00000008   Code   RO         2397  * !!!main             c_w.l(__main.o)
    0x08000190   0x00000034   Code   RO         2597    !!!scatter          c_w.l(__scatter.o)
    0x080001c4   0x0000005a   Code   RO         2595    !!dczerorl2         c_w.l(__dczerorl2.o)
    0x0800021e   0x00000002   PAD
    0x08000220   0x0000001c   Code   RO         2599    !!handler_zi        c_w.l(__scatter_zi.o)
    0x0800023c   0x00000002   Code   RO         2469    .ARM.Collect$$libinit$$00000000  c_w.l(libinit.o)
    0x0800023e   0x00000004   Code   RO         2481    .ARM.Collect$$libinit$$00000001  c_w.l(libinit2.o)
    0x08000242   0x00000000   Code   RO         2484    .ARM.Collect$$libinit$$00000004  c_w.l(libinit2.o)
    0x08000242   0x00000000   Code   RO         2487    .ARM.Collect$$libinit$$0000000A  c_w.l(libinit2.o)
    0x08000242   0x00000000   Code   RO         2489    .ARM.Collect$$libinit$$0000000C  c_w.l(libinit2.o)
    0x08000242   0x00000000   Code   RO         2491    .ARM.Collect$$libinit$$0000000E  c_w.l(libinit2.o)
    0x08000242   0x00000000   Code   RO         2494    .ARM.Collect$$libinit$$00000011  c_w.l(libinit2.o)
    0x08000242   0x00000000   Code   RO         2496    .ARM.Collect$$libinit$$00000013  c_w.l(libinit2.o)
    0x08000242   0x00000000   Code   RO         2498    .ARM.Collect$$libinit$$00000015  c_w.l(libinit2.o)
    0x08000242   0x00000000   Code   RO         2500    .ARM.Collect$$libinit$$00000017  c_w.l(libinit2.o)
    0x08000242   0x00000000   Code   RO         2502    .ARM.Collect$$libinit$$00000019  c_w.l(libinit2.o)
    0x08000242   0x00000000   Code   RO         2504    .ARM.Collect$$libinit$$0000001B  c_w.l(libinit2.o)
    0x08000242   0x00000000   Code   RO         2506    .ARM.Collect$$libinit$$0000001D  c_w.l(libinit2.o)
    0x08000242   0x00000000   Code   RO         2508    .ARM.Collect$$libinit$$0000001F  c_w.l(libinit2.o)
    0x08000242   0x00000000   Code   RO         2510    .ARM.Collect$$libinit$$00000021  c_w.l(libinit2.o)
    0x08000242   0x00000000   Code   RO         2512    .ARM.Collect$$libinit$$00000023  c_w.l(libinit2.o)
    0x08000242   0x00000000   Code   RO         2514    .ARM.Collect$$libinit$$00000025  c_w.l(libinit2.o)
    0x08000242   0x00000000   Code   RO         2518    .ARM.Collect$$libinit$$0000002C  c_w.l(libinit2.o)
    0x08000242   0x00000000   Code   RO         2520    .ARM.Collect$$libinit$$0000002E  c_w.l(libinit2.o)
    0x08000242   0x00000000   Code   RO         2522    .ARM.Collect$$libinit$$00000030  c_w.l(libinit2.o)
    0x08000242   0x00000000   Code   RO         2524    .ARM.Collect$$libinit$$00000032  c_w.l(libinit2.o)
    0x08000242   0x00000002   Code   RO         2525    .ARM.Collect$$libinit$$00000033  c_w.l(libinit2.o)
    0x08000244   0x00000002   Code   RO         2551    .ARM.Collect$$libshutdown$$00000000  c_w.l(libshutdown.o)
    0x08000246   0x00000000   Code   RO         2578    .ARM.Collect$$libshutdown$$00000002  c_w.l(libshutdown2.o)
    0x08000246   0x00000000   Code   RO         2580    .ARM.Collect$$libshutdown$$00000004  c_w.l(libshutdown2.o)
    0x08000246   0x00000000   Code   RO         2583    .ARM.Collect$$libshutdown$$00000007  c_w.l(libshutdown2.o)
    0x08000246   0x00000000   Code   RO         2586    .ARM.Collect$$libshutdown$$0000000A  c_w.l(libshutdown2.o)
    0x08000246   0x00000000   Code   RO         2588    .ARM.Collect$$libshutdown$$0000000C  c_w.l(libshutdown2.o)
    0x08000246   0x00000000   Code   RO         2591    .ARM.Collect$$libshutdown$$0000000F  c_w.l(libshutdown2.o)
    0x08000246   0x00000002   Code   RO         2592    .ARM.Collect$$libshutdown$$00000010  c_w.l(libshutdown2.o)
    0x08000248   0x00000000   Code   RO         2421    .ARM.Collect$$rtentry$$00000000  c_w.l(__rtentry.o)
    0x08000248   0x00000000   Code   RO         2440    .ARM.Collect$$rtentry$$00000002  c_w.l(__rtentry2.o)
    0x08000248   0x00000006   Code   RO         2452    .ARM.Collect$$rtentry$$00000004  c_w.l(__rtentry4.o)
    0x0800024e   0x00000000   Code   RO         2442    .ARM.Collect$$rtentry$$00000009  c_w.l(__rtentry2.o)
    0x0800024e   0x00000004   Code   RO         2443    .ARM.Collect$$rtentry$$0000000A  c_w.l(__rtentry2.o)
    0x08000252   0x00000000   Code   RO         2445    .ARM.Collect$$rtentry$$0000000C  c_w.l(__rtentry2.o)
    0x08000252   0x00000008   Code   RO         2446    .ARM.Collect$$rtentry$$0000000D  c_w.l(__rtentry2.o)
    0x0800025a   0x00000002   Code   RO         2473    .ARM.Collect$$rtexit$$00000000  c_w.l(rtexit.o)
    0x0800025c   0x00000000   Code   RO         2527    .ARM.Collect$$rtexit$$00000002  c_w.l(rtexit2.o)
    0x0800025c   0x00000004   Code   RO         2528    .ARM.Collect$$rtexit$$00000003  c_w.l(rtexit2.o)
    0x08000260   0x00000006   Code   RO         2529    .ARM.Collect$$rtexit$$00000004  c_w.l(rtexit2.o)
    0x08000266   0x00000002   PAD
    0x08000268   0x000003b8   Code   RO            4    .text               main.o
    0x08000620   0x00000088   Code   RO          268    .text               stm32f4xx_it.o
    0x080006a8   0x00000210   Code   RO          329    .text               system_stm32f4xx.o
    0x080008b8   0x0000029c   Code   RO          359    .text               task_pc_com.o
    0x08000b54   0x000002f0   Code   RO          424    .text               task_rf433.o
    0x08000e44   0x0000006c   Code   RO          527    .text               task_can_com.o
    0x08000eb0   0x00000068   Code   RO          557    .text               mj_lib.o
    0x08000f18   0x000002e4   Code   RO          644    .text               mj_usart_pc.o
    0x080011fc   0x0000031c   Code   RO          671    .text               bsp_sram.o
    0x08001518   0x00000354   Code   RO          695    .text               bsp_gpo.o
    0x0800186c   0x00000170   Code   RO          724    .text               bsp_gpi.o
    0x080019dc   0x00000378   Code   RO          748    .text               bsp_adc.o
    0x08001d54   0x00000204   Code   RO          778    .text               bsp_can.o
    0x08001f58   0x0000031c   Code   RO          834    .text               bsp_front_wheel.o
    0x08002274   0x00000318   Code   RO          860    .text               bsp_usart_433.o
    0x0800258c   0x000005bc   Code   RO          905    .text               bsp_usart_us.o
    0x08002b48   0x000001e8   Code   RO          932    .text               bsp_rtc.o
    0x08002d30   0x0000017c   Code   RO          962    .text               bsp_back_wheel.o
    0x08002eac   0x00000040   Code   RO          986    .text               startup_stm32f40_41xxx.o
    0x08002eec   0x000000e0   Code   RO          993    .text               misc.o
    0x08002fcc   0x00000294   Code   RO         1017    .text               stm32f4xx_gpio.o
    0x08003260   0x0000065c   Code   RO         1041    .text               stm32f4xx_rcc.o
    0x080038bc   0x00000094   Code   RO         1067    .text               stm32f4xx_syscfg.o
    0x08003950   0x00000454   Code   RO         1091    .text               stm32f4xx_usart.o
    0x08003da4   0x00000694   Code   RO         1115    .text               stm32f4xx_fsmc.o
    0x08004438   0x00000ca2   Code   RO         1142    .text               stm32f4xx_tim.o
    0x080050da   0x00000002   PAD
    0x080050dc   0x00000464   Code   RO         1166    .text               stm32f4xx_adc.o
    0x08005540   0x000009f0   Code   RO         1190    .text               stm32f4xx_can.o
    0x08005f30   0x000003a8   Code   RO         1382    .text               stm32f4xx_dma.o
    0x080062d8   0x00000110   Code   RO         1406    .text               stm32f4xx_exti.o
    0x080063e8   0x00000148   Code   RO         1628    .text               stm32f4xx_pwr.o
    0x08006530   0x00000d70   Code   RO         1676    .text               stm32f4xx_rtc.o
    0x080072a0   0x00000148   Code   RO         1826    .text               delay.o
    0x080073e8   0x000000d0   Code   RO         1874    .text               usart.o
    0x080074b8   0x00000084   Code   RO         1927    .text               bsp.o
    0x0800753c   0x000002a8   Code   RO         1963    .text               cpu_core.o
    0x080077e4   0x00000034   Code   RO         1989    .text               cpu_a.o
    0x08007818   0x00000256   Code   RO         1992    .text               lib_ascii.o
    0x08007a6e   0x00000002   PAD
    0x08007a70   0x000009c6   Code   RO         2025    .text               lib_mem.o
    0x08008436   0x00000002   PAD
    0x08008438   0x0000092c   Code   RO         2044    .text               lib_str.o
    0x08008d64   0x00000220   Code   RO         2061    .text               lib_mem_a.o
    0x08008f84   0x000000fc   Code   RO         2064    .text               os_cfg_app.o
    0x08009080   0x00000df0   Code   RO         2087    .text               os_core.o
    0x08009e70   0x000001b0   Code   RO         2099    .text               os_dbg.o
    0x0800a020   0x00000e28   Code   RO         2114    .text               os_flag.o
    0x0800ae48   0x00000444   Code   RO         2126    .text               os_int.o
    0x0800b28c   0x00000238   Code   RO         2138    .text               os_mem.o
    0x0800b4c4   0x0000022c   Code   RO         2150    .text               os_msg.o
    0x0800b6f0   0x00000ad4   Code   RO         2162    .text               os_mutex.o
    0x0800c1c4   0x0000007c   Code   RO         2180    .text               os_prio.o
    0x0800c240   0x000008d8   Code   RO         2199    .text               os_q.o
    0x0800cb18   0x00000830   Code   RO         2211    .text               os_sem.o
    0x0800d348   0x00000638   Code   RO         2223    .text               os_stat.o
    0x0800d980   0x00001bb4   Code   RO         2235    .text               os_task.o
    0x0800f534   0x000004fc   Code   RO         2247    .text               os_tick.o
    0x0800fa30   0x00000564   Code   RO         2259    .text               os_time.o
    0x0800ff94   0x00000818   Code   RO         2271    .text               os_tmr.o
    0x080107ac   0x000003f8   Code   RO         2300    .text               os_cpu_c.o
    0x08010ba4   0x0000022c   Code   RO         2348    .text               malloc.o
    0x08010dd0   0x00000002   Code   RO         2383    .text               c_w.l(use_no_semi_2.o)
    0x08010dd2   0x000000ee   Code   RO         2385    .text               c_w.l(lludivv7m.o)
    0x08010ec0   0x0000003e   Code   RO         2387    .text               c_w.l(strlen.o)
    0x08010efe   0x0000008a   Code   RO         2389    .text               c_w.l(rt_memcpy_v6.o)
    0x08010f88   0x00000044   Code   RO         2391    .text               c_w.l(rt_memclr.o)
    0x08010fcc   0x0000004e   Code   RO         2393    .text               c_w.l(rt_memclr_w.o)
    0x0801101a   0x00000006   Code   RO         2395    .text               c_w.l(heapauxi.o)
    0x08011020   0x00000002   Code   RO         2419    .text               c_w.l(use_no_semi.o)
    0x08011022   0x00000064   Code   RO         2426    .text               c_w.l(rt_memcpy_w.o)
    0x08011086   0x0000004a   Code   RO         2456    .text               c_w.l(sys_stackheap_outer.o)
    0x080110d0   0x00000012   Code   RO         2458    .text               c_w.l(exit.o)
    0x080110e2   0x00000002   PAD
    0x080110e4   0x00000008   Code   RO         2470    .text               c_w.l(libspace.o)
    0x080110ec   0x000000ac   Code   RO         2327    CODE                os_cpu_a.o
    0x08011198   0x00000014   Code   RO         2413    i.__hardfp_fabs     m_wm.l(fabs.o)
    0x080111ac   0x00000062   Code   RO         2399    x$fpl$d2f           fz_wm.l(d2f.o)
    0x0801120e   0x00000018   Code   RO         2428    x$fpl$dcmpinf       fz_wm.l(dcmpi.o)
    0x08011226   0x00000026   Code   RO         2401    x$fpl$dfltu         fz_wm.l(dflt_clz.o)
    0x0801124c   0x00000078   Code   RO         2407    x$fpl$dleqf         fz_wm.l(dleqf.o)
    0x080112c4   0x00000154   Code   RO         2409    x$fpl$dmul          fz_wm.l(dmul.o)
    0x08011418   0x0000009c   Code   RO         2430    x$fpl$dnaninf       fz_wm.l(dnaninf.o)
    0x080114b4   0x0000000c   Code   RO         2432    x$fpl$dretinf       fz_wm.l(dretinf.o)
    0x080114c0   0x00000056   Code   RO         2411    x$fpl$f2d           fz_wm.l(f2d.o)
    0x08011516   0x0000008c   Code   RO         2434    x$fpl$fnaninf       fz_wm.l(fnaninf.o)
    0x080115a2   0x0000000a   Code   RO         2539    x$fpl$fpinit        fz_wm.l(fpinit.o)
    0x080115ac   0x0000000a   Code   RO         2436    x$fpl$fretinf       fz_wm.l(fretinf.o)
    0x080115b6   0x00000000   Code   RO         2438    x$fpl$usenofp       fz_wm.l(usenofp.o)
    0x080115b6   0x00000002   PAD
    0x080115b8   0x0000001c   Data   RO         1116    .constdata          stm32f4xx_fsmc.o
    0x080115d4   0x00000104   Data   RO         1965    .constdata          cpu_core.o
    0x080116d8   0x00000094   Data   RO         2045    .constdata          lib_str.o
    0x0801176c   0x000000a4   Data   RO         2066    .constdata          os_cfg_app.o
    0x08011810   0x0000016c   Data   RO         2100    .constdata          os_dbg.o
    0x0801197c   0x00000024   Data   RO         2354    .constdata          malloc.o
    0x080119a0   0x00000020   Data   RO         2593    Region$$Table       anon$$obj.o


    Execution Region RW_IRAM1 (Base: 0x20000000, Size: 0x0001f4e0, Max: 0x00020000, ABSOLUTE, COMPRESSED[0x000000f0])

    Base Addr    Size         Type   Attr      Idx    E Section Name        Object

    0x20000000   0x00000004   Data   RW            6    .data               main.o
    0x20000004   0x00000014   Data   RW          330    .data               system_stm32f4xx.o
    0x20000018   0x000000f4   Data   RW          361    .data               task_pc_com.o
    0x2000010c   0x00000012   Data   RW          426    .data               task_rf433.o
    0x2000011e   0x00000002   PAD
    0x20000120   0x0000000e   Data   RW          559    .data               mj_lib.o
    0x2000012e   0x00000001   Data   RW          646    .data               mj_usart_pc.o
    0x2000012f   0x00000001   PAD
    0x20000130   0x00000004   Data   RW          696    .data               bsp_gpo.o
    0x20000134   0x00000008   Data   RW          835    .data               bsp_front_wheel.o
    0x2000013c   0x00000004   Data   RW          862    .data               bsp_usart_433.o
    0x20000140   0x00000002   Data   RW          907    .data               bsp_usart_us.o
    0x20000142   0x00000007   Data   RW          933    .data               bsp_rtc.o
    0x20000149   0x00000010   Data   RW         1042    .data               stm32f4xx_rcc.o
    0x20000159   0x00000001   PAD
    0x2000015a   0x00000004   Data   RW         1827    .data               delay.o
    0x2000015e   0x00000002   PAD
    0x20000160   0x00000004   Data   RW         1966    .data               cpu_core.o
    0x20000164   0x00000004   Data   RW         2027    .data               lib_mem.o
    0x20000168   0x00000008   Data   RW         2181    .data               os_prio.o
    0x20000170   0x000000c8   Data   RW         2284    .data               os_var.o
    0x20000238   0x00000004   Data   RW         2301    .data               os_cpu_c.o
    0x2000023c   0x00000024   Data   RW         2355    .data               malloc.o
    0x20000260   0x000008f8   Zero   RW            5    .bss                main.o
    0x20000b58   0x00000bf6   Zero   RW          360    .bss                task_pc_com.o
    0x2000174e   0x00000002   PAD
    0x20001750   0x000002d1   Zero   RW          425    .bss                task_rf433.o
    0x20001a21   0x00000003   PAD
    0x20001a24   0x00000068   Zero   RW          462    .bss                task_timer.o
    0x20001a8c   0x00000988   Zero   RW          528    .bss                task_can_com.o
    0x20002414   0x00000028   Zero   RW          558    .bss                mj_lib.o
    0x2000243c   0x00000104   Zero   RW          645    .bss                mj_usart_pc.o
    0x20002540   0x00000134   Zero   RW          749    .bss                bsp_adc.o
    0x20002674   0x00000028   Zero   RW          779    .bss                bsp_can.o
    0x2000269c   0x00000104   Zero   RW          861    .bss                bsp_usart_433.o
    0x200027a0   0x00000208   Zero   RW          906    .bss                bsp_usart_us.o
    0x200029a8   0x00000010   Zero   RW         1964    .bss                cpu_core.o
    0x200029b8   0x00000052   Zero   RW         2026    .bss                lib_mem.o
    0x20002a0a   0x00000002   PAD
    0x20002a0c   0x00001490   Zero   RW         2065    .bss                os_cfg_app.o
    0x20003e9c   0x000006e0   Zero   RW         2283    .bss                os_var.o
    0x2000457c   0x00000004   PAD
    0x20004580   0x0001a900   Zero   RW         2353    .bss                malloc.o
    0x2001ee80   0x00000060   Zero   RW         2471    .bss                c_w.l(libspace.o)
    0x2001eee0   0x00000200   Zero   RW          984    HEAP                startup_stm32f40_41xxx.o
    0x2001f0e0   0x00000400   Zero   RW          983    STACK               startup_stm32f40_41xxx.o



  Load Region LR$$.ARM.__AT_0x10000000 (Base: 0x10000000, Size: 0x00000000, Max: 0x0000f000, ABSOLUTE)

    Execution Region ER$$.ARM.__AT_0x10000000 (Base: 0x10000000, Size: 0x0000f000, Max: 0x0000f000, ABSOLUTE, UNINIT)

    Base Addr    Size         Type   Attr      Idx    E Section Name        Object

    0x10000000   0x0000f000   Zero   RW         2349    .ARM.__AT_0x10000000  malloc.o



  Load Region LR$$.ARM.__AT_0x1000F000 (Base: 0x1000f000, Size: 0x00000000, Max: 0x00000f00, ABSOLUTE)

    Execution Region ER$$.ARM.__AT_0x1000F000 (Base: 0x1000f000, Size: 0x00000f00, Max: 0x00000f00, ABSOLUTE, UNINIT)

    Base Addr    Size         Type   Attr      Idx    E Section Name        Object

    0x1000f000   0x00000f00   Zero   RW         2350    .ARM.__AT_0x1000F000  malloc.o



  Load Region LR$$.ARM.__AT_0x68000000 (Base: 0x68000000, Size: 0x00000000, Max: 0x000f0000, ABSOLUTE)

    Execution Region ER$$.ARM.__AT_0x68000000 (Base: 0x68000000, Size: 0x000f0000, Max: 0x000f0000, ABSOLUTE, UNINIT)

    Base Addr    Size         Type   Attr      Idx    E Section Name        Object

    0x68000000   0x000f0000   Zero   RW         2351    .ARM.__AT_0x68000000  malloc.o



  Load Region LR$$.ARM.__AT_0x680F0000 (Base: 0x680f0000, Size: 0x00000000, Max: 0x0000f000, ABSOLUTE)

    Execution Region ER$$.ARM.__AT_0x680F0000 (Base: 0x680f0000, Size: 0x0000f000, Max: 0x0000f000, ABSOLUTE, UNINIT)

    Base Addr    Size         Type   Attr      Idx    E Section Name        Object

    0x680f0000   0x0000f000   Zero   RW         2352    .ARM.__AT_0x680F0000  malloc.o


==============================================================================

Image component sizes


      Code (inc. data)   RO Data    RW Data    ZI Data      Debug   Object Name

       132         14          0          0          0       1215   bsp.o
       888         38          0          0        308       2824   bsp_adc.o
       380         10          0          0          0       2774   bsp_back_wheel.o
       516         22          0          0         40       2077   bsp_can.o
       796         34          0          8          0       2310   bsp_front_wheel.o
       368         22          0          0          0       1511   bsp_gpi.o
       852         42          0          4          0       3946   bsp_gpo.o
       488          4          0          7          0       2363   bsp_rtc.o
       796         20          0          0          0       2337   bsp_sram.o
       792         42          0          4        260       2604   bsp_usart_433.o
      1468         82          0          2        520       3105   bsp_usart_us.o
        52          0          0          0          0        328   cpu_a.o
       680         14        260          4         16      14719   cpu_core.o
       328         24          0          4          0       1885   delay.o
       598          0          0          0          0       3964   lib_ascii.o
      2502         34          0          4         82      22360   lib_mem.o
       544          0          0          0          0        476   lib_mem_a.o
      2348          6        148          0          0      13894   lib_str.o
       952        208          0          4       2296     402407   main.o
       556         18         36         36    1218560       4985   malloc.o
       224         20          0          0          0       1953   misc.o
       104         10          0         14         40      31710   mj_lib.o
       740         40          0          1        260       2362   mj_usart_pc.o
       252        166        164          0       5264      20934   os_cfg_app.o
      3568        284          0          0          0      12621   os_core.o
       172         32          0          0          0        396   os_cpu_a.o
      1016         64          0          4          0       4073   os_cpu_c.o
       432        286        364          0          0       4761   os_dbg.o
      3624        110          0          0          0       8255   os_flag.o
      1092        146          0          0          0       2364   os_int.o
       568         20          0          0          0       2884   os_mem.o
       556         12          0          0          0       2871   os_msg.o
      2772        114          0          0          0       5790   os_mutex.o
       124          4          0          8          0       1904   os_prio.o
      2264         76          0          0          0       6556   os_q.o
      2096         70          0          0          0       6576   os_sem.o
      1592        180          0          0          0       2841   os_stat.o
      7092        270          0          0          0      14402   os_task.o
      1276         90          0          0          0       3461   os_tick.o
      1380         46          0          0          0       3317   os_time.o
      2072        140          0          0          0       6702   os_tmr.o
         0          0          0        200       1760      19369   os_var.o
        64         26        392          0       1536        836   startup_stm32f40_41xxx.o
      1124         24          0          0          0      10826   stm32f4xx_adc.o
      2544         38          0          0          0       8280   stm32f4xx_can.o
       936         32          0          0          0       6529   stm32f4xx_dma.o
       272         10          0          0          0       2423   stm32f4xx_exti.o
      1684         36         28          0          0       6182   stm32f4xx_fsmc.o
       660         44          0          0          0       4289   stm32f4xx_gpio.o
       136          6          0          0          0       1307   stm32f4xx_it.o
       328         12          0          0          0       3490   stm32f4xx_pwr.o
      1628         52          0         16          0      13252   stm32f4xx_rcc.o
      3440         46          0          0          0      15584   stm32f4xx_rtc.o
       148         12          0          0          0       1897   stm32f4xx_syscfg.o
      3234         60          0          0          0      23148   stm32f4xx_tim.o
      1108         34          0          0          0       8020   stm32f4xx_usart.o
       528         46          0         20          0       1779   system_stm32f4xx.o
       108          8          0          0       2440       1474   task_can_com.o
       668         34          0        244       3062      15968   task_pc_com.o
       752         94          0         18        721       2909   task_rf433.o
         0          0          0          0        104        261   task_timer.o
       208         10          0          0          0       2799   usart.o

    ----------------------------------------------------------------------
     68628       3438       1424        608    1237280     789439   Object Totals
         0          0         32          0          0          0   (incl. Generated)
         6          0          0          6         11          0   (incl. Padding)

    ----------------------------------------------------------------------

      Code (inc. data)   RO Data    RW Data    ZI Data      Debug   Library Member Name

        90          0          0          0          0          0   __dczerorl2.o
         8          0          0          0          0         68   __main.o
         0          0          0          0          0          0   __rtentry.o
        12          0          0          0          0          0   __rtentry2.o
         6          0          0          0          0          0   __rtentry4.o
        52          8          0          0          0          0   __scatter.o
        28          0          0          0          0          0   __scatter_zi.o
        18          0          0          0          0         80   exit.o
         6          0          0          0          0        152   heapauxi.o
         2          0          0          0          0          0   libinit.o
         6          0          0          0          0          0   libinit2.o
         2          0          0          0          0          0   libshutdown.o
         2          0          0          0          0          0   libshutdown2.o
         8          4          0          0         96         68   libspace.o
       238          0          0          0          0        100   lludivv7m.o
        68          0          0          0          0         68   rt_memclr.o
        78          0          0          0          0         80   rt_memclr_w.o
       138          0          0          0          0         68   rt_memcpy_v6.o
       100          0          0          0          0         80   rt_memcpy_w.o
         2          0          0          0          0          0   rtexit.o
        10          0          0          0          0          0   rtexit2.o
        62          0          0          0          0         76   strlen.o
        74          0          0          0          0         80   sys_stackheap_outer.o
         2          0          0          0          0         68   use_no_semi.o
         2          0          0          0          0         68   use_no_semi_2.o
        98          4          0          0          0        140   d2f.o
        24          0          0          0          0        116   dcmpi.o
        38          0          0          0          0        116   dflt_clz.o
       120          4          0          0          0        140   dleqf.o
       340         12          0          0          0        152   dmul.o
       156          4          0          0          0        140   dnaninf.o
        12          0          0          0          0        116   dretinf.o
        86          4          0          0          0        132   f2d.o
       140          4          0          0          0        132   fnaninf.o
        10          0          0          0          0        116   fpinit.o
        10          0          0          0          0        116   fretinf.o
         0          0          0          0          0          0   usenofp.o
        20          0          0          0          0        124   fabs.o

    ----------------------------------------------------------------------
      2076         44          0          0         96       2596   Library Totals
         8          0          0          0          0          0   (incl. Padding)

    ----------------------------------------------------------------------

      Code (inc. data)   RO Data    RW Data    ZI Data      Debug   Library Name

      1014         12          0          0         96       1056   c_w.l
      1034         32          0          0          0       1416   fz_wm.l
        20          0          0          0          0        124   m_wm.l

    ----------------------------------------------------------------------
      2076         44          0          0         96       2596   Library Totals

    ----------------------------------------------------------------------

==============================================================================


      Code (inc. data)   RO Data    RW Data    ZI Data      Debug   

     70704       3482       1424        608    1237376     776767   Grand Totals
     70704       3482       1424        240    1237376     776767   ELF Image Totals (compressed)
     70704       3482       1424        240          0          0   ROM Totals

==============================================================================

    Total RO  Size (Code + RO Data)                72128 (  70.44kB)
    Total RW  Size (RW Data + ZI Data)           1237984 (1208.97kB)
    Total ROM Size (Code + RO Data + RW Data)      72368 (  70.67kB)

==============================================================================

